Component: ARM Compiler 5.05 update 1 (build 106) Tool: armlink [4d0efa]

==============================================================================

Section Cross References

    main.o(i.TIM3_IRQHandler) refers to stm32f10x_tim.o(i.TIM_GetITStatus) for TIM_GetITStatus
    main.o(i.TIM3_IRQHandler) refers to main.o(i.touch) for touch
    main.o(i.TIM3_IRQHandler) refers to stm32f10x_tim.o(i.TIM_ClearITPendingBit) for TIM_ClearITPendingBit
    main.o(i.display_init) refers to tftlcd.o(i.LCD_Fill) for LCD_Fill
    main.o(i.display_init) refers to tftlcd.o(.data) for FRONT_COLOR
    main.o(i.gameov) refers to tftlcd.o(i.LCD_ShowString) for LCD_ShowString
    main.o(i.gameov) refers to systick.o(i.delay_ms) for delay_ms
    main.o(i.gameov) refers to main.o(.data) for start
    main.o(i.main) refers to systick.o(i.SysTick_Init) for SysTick_Init
    main.o(i.main) refers to led.o(i.LED_Init) for LED_Init
    main.o(i.main) refers to key.o(i.KEY_Init) for KEY_Init
    main.o(i.main) refers to tftlcd.o(i.TFTLCD_Init) for TFTLCD_Init
    main.o(i.main) refers to touch.o(i.TOUCH_Init) for TOUCH_Init
    main.o(i.main) refers to tftlcd.o(i.LCD_Clear) for LCD_Clear
    main.o(i.main) refers to main.o(i.ui_1) for ui_1
    main.o(i.main) refers to rtc.o(i.RTC_Init) for RTC_Init
    main.o(i.main) refers to time.o(i.TIM4_Init) for TIM4_Init
    main.o(i.main) refers to touch.o(i.TOUCH_Scan) for TOUCH_Scan
    main.o(i.main) refers to tftlcd.o(i.LCD_DrawRectangle_color) for LCD_DrawRectangle_color
    main.o(i.main) refers to systick.o(i.delay_ms) for delay_ms
    main.o(i.main) refers to main.o(i.ui_2) for ui_2
    main.o(i.main) refers to main.o(i.ui_3) for ui_3
    main.o(i.main) refers to snake.o(i.show) for show
    main.o(i.main) refers to time.o(i.TIM3_Init) for TIM3_Init
    main.o(i.main) refers to main.o(i.playgame) for playgame
    main.o(i.main) refers to touch.o(.data) for TouchData
    main.o(i.main) refers to main.o(.data) for start
    main.o(i.playgame) refers to rand.o(.text) for srand
    main.o(i.playgame) refers to tftlcd.o(i.LCD_Fill) for LCD_Fill
    main.o(i.playgame) refers to systick.o(i.delay_ms) for delay_ms
    main.o(i.playgame) refers to main.o(i.gameov) for gameov
    main.o(i.playgame) refers to main.o(.bss) for snake
    main.o(i.playgame) refers to main.o(.data) for food
    main.o(i.playgame) refers to rtc.o(.bss) for calendar
    main.o(i.touch) refers to key.o(i.KEY_Scan) for KEY_Scan
    main.o(i.touch) refers to snake.o(.data) for key
    main.o(i.touch) refers to main.o(.bss) for snake
    main.o(i.ui_1) refers to tftlcd.o(i.LCD_Clear) for LCD_Clear
    main.o(i.ui_1) refers to tftlcd.o(i.LCD_ShowFontHZ16) for LCD_ShowFontHZ16
    main.o(i.ui_1) refers to tftlcd.o(i.LCD_ShowString) for LCD_ShowString
    main.o(i.ui_1) refers to tftlcd.o(i.LCD_DrawLine_Color) for LCD_DrawLine_Color
    main.o(i.ui_1) refers to tftlcd.o(i.LCD_DrawRectangle_color) for LCD_DrawRectangle_color
    main.o(i.ui_1) refers to tftlcd.o(i.LCD_ShowPicture) for LCD_ShowPicture
    main.o(i.ui_1) refers to mybmp.o(.data) for mybmp
    main.o(i.ui_2) refers to tftlcd.o(i.LCD_ShowFontHZ16) for LCD_ShowFontHZ16
    main.o(i.ui_2) refers to tftlcd.o(i.LCD_ShowString) for LCD_ShowString
    main.o(i.ui_2) refers to printf6.o(i.__0sprintf$6) for __2sprintf
    main.o(i.ui_2) refers to tftlcd.o(i.LCD_DrawRectangle_color) for LCD_DrawRectangle_color
    main.o(i.ui_2) refers to tftlcd.o(i.LCD_DrawLine_Color) for LCD_DrawLine_Color
    main.o(i.ui_2) refers to tftlcd.o(i.LCD_ShowPicture) for LCD_ShowPicture
    main.o(i.ui_2) refers to main.o(.bss) for snake
    main.o(i.ui_2) refers to play.o(.data) for play
    main.o(i.ui_3) refers to tftlcd.o(i.LCD_ShowPicture) for LCD_ShowPicture
    main.o(i.ui_3) refers to tftlcd.o(i.LCD_DrawLine_Color) for LCD_DrawLine_Color
    main.o(i.ui_3) refers to tftlcd.o(i.LCD_ShowFontHZ16) for LCD_ShowFontHZ16
    main.o(i.ui_3) refers to tftlcd.o(i.LCD_ShowString) for LCD_ShowString
    main.o(i.ui_3) refers to printf6.o(i.__0sprintf$6) for __2sprintf
    main.o(i.ui_3) refers to tftlcd.o(i.LCD_DrawRectangle_color) for LCD_DrawRectangle_color
    main.o(i.ui_3) refers to gameover.o(.constdata) for gameover
    main.o(i.ui_3) refers to main.o(.bss) for snake
    startup_stm32f10x_hd.o(RESET) refers to startup_stm32f10x_hd.o(STACK) for __initial_sp
    startup_stm32f10x_hd.o(RESET) refers to startup_stm32f10x_hd.o(.text) for Reset_Handler
    startup_stm32f10x_hd.o(RESET) refers to stm32f10x_it.o(i.NMI_Handler) for NMI_Handler
    startup_stm32f10x_hd.o(RESET) refers to stm32f10x_it.o(i.HardFault_Handler) for HardFault_Handler
    startup_stm32f10x_hd.o(RESET) refers to stm32f10x_it.o(i.MemManage_Handler) for MemManage_Handler
    startup_stm32f10x_hd.o(RESET) refers to stm32f10x_it.o(i.BusFault_Handler) for BusFault_Handler
    startup_stm32f10x_hd.o(RESET) refers to stm32f10x_it.o(i.UsageFault_Handler) for UsageFault_Handler
[...]
    Removing stm32f10x_cec.o(i.CEC_ClearFlag), (36 bytes).
    Removing stm32f10x_cec.o(i.CEC_ClearITPendingBit), (36 bytes).
    Removing stm32f10x_cec.o(i.CEC_Cmd), (32 bytes).
    Removing stm32f10x_cec.o(i.CEC_DeInit), (22 bytes).
    Removing stm32f10x_cec.o(i.CEC_EndOfMessageCmd), (12 bytes).
    Removing stm32f10x_cec.o(i.CEC_GetFlagStatus), (48 bytes).
    Removing stm32f10x_cec.o(i.CEC_GetITStatus), (40 bytes).
    Removing stm32f10x_cec.o(i.CEC_ITConfig), (12 bytes).
    Removing stm32f10x_cec.o(i.CEC_Init), (32 bytes).
    Removing stm32f10x_cec.o(i.CEC_OwnAddressConfig), (12 bytes).
    Removing stm32f10x_cec.o(i.CEC_ReceiveDataByte), (12 bytes).
    Removing stm32f10x_cec.o(i.CEC_SendDataByte), (12 bytes).
    Removing stm32f10x_cec.o(i.CEC_SetPrescaler), (12 bytes).
    Removing stm32f10x_cec.o(i.CEC_StartOfMessage), (12 bytes).
    Removing stm32f10x_crc.o(i.CRC_CalcBlockCRC), (36 bytes).
    Removing stm32f10x_crc.o(i.CRC_CalcCRC), (16 bytes).
    Removing stm32f10x_crc.o(i.CRC_GetCRC), (12 bytes).
    Removing stm32f10x_crc.o(i.CRC_GetIDRegister), (12 bytes).
    Removing stm32f10x_crc.o(i.CRC_ResetDR), (12 bytes).
    Removing stm32f10x_crc.o(i.CRC_SetIDRegister), (12 bytes).
    Removing stm32f10x_dac.o(i.DAC_Cmd), (40 bytes).
    Removing stm32f10x_dac.o(i.DAC_DMACmd), (44 bytes).
    Removing stm32f10x_dac.o(i.DAC_DeInit), (22 bytes).
    Removing stm32f10x_dac.o(i.DAC_DualSoftwareTriggerCmd), (36 bytes).
    Removing stm32f10x_dac.o(i.DAC_GetDataOutputValue), (36 bytes).
    Removing stm32f10x_dac.o(i.DAC_Init), (52 bytes).
    Removing stm32f10x_dac.o(i.DAC_SetChannel1Data), (32 bytes).
    Removing stm32f10x_dac.o(i.DAC_SetChannel2Data), (32 bytes).
    Removing stm32f10x_dac.o(i.DAC_SetDualChannelData), (36 bytes).
    Removing stm32f10x_dac.o(i.DAC_SoftwareTriggerCmd), (44 bytes).
    Removing stm32f10x_dac.o(i.DAC_StructInit), (12 bytes).
    Removing stm32f10x_dac.o(i.DAC_WaveGenerationCmd), (40 bytes).
    Removing stm32f10x_dbgmcu.o(i.DBGMCU_Config), (32 bytes).
    Removing stm32f10x_dbgmcu.o(i.DBGMCU_GetDEVID), (16 bytes).
    Removing stm32f10x_dbgmcu.o(i.DBGMCU_GetREVID), (12 bytes).
    Removing stm32f10x_dma.o(i.DMA_ClearFlag), (28 bytes).
    Removing stm32f10x_dma.o(i.DMA_ClearITPendingBit), (28 bytes).
    Removing stm32f10x_dma.o(i.DMA_Cmd), (24 bytes).
    Removing stm32f10x_dma.o(i.DMA_DeInit), (332 bytes).
    Removing stm32f10x_dma.o(i.DMA_GetCurrDataCounter), (8 bytes).
    Removing stm32f10x_dma.o(i.DMA_GetFlagStatus), (44 bytes).
    Removing stm32f10x_dma.o(i.DMA_GetITStatus), (44 bytes).
    Removing stm32f10x_dma.o(i.DMA_ITConfig), (18 bytes).
    Removing stm32f10x_dma.o(i.DMA_Init), (60 bytes).
    Removing stm32f10x_dma.o(i.DMA_SetCurrDataCounter), (4 bytes).
    Removing stm32f10x_dma.o(i.DMA_StructInit), (26 bytes).
    Removing stm32f10x_exti.o(i.EXTI_ClearFlag), (12 bytes).
    Removing stm32f10x_exti.o(i.EXTI_ClearITPendingBit), (12 bytes).
    Removing stm32f10x_exti.o(i.EXTI_DeInit), (36 bytes).
    Removing stm32f10x_exti.o(i.EXTI_GenerateSWInterrupt), (16 bytes).
    Removing stm32f10x_exti.o(i.EXTI_GetFlagStatus), (24 bytes).
    Removing stm32f10x_exti.o(i.EXTI_GetITStatus), (40 bytes).
    Removing stm32f10x_exti.o(i.EXTI_Init), (148 bytes).
    Removing stm32f10x_exti.o(i.EXTI_StructInit), (16 bytes).
    Removing stm32f10x_flash.o(i.FLASH_ClearFlag), (12 bytes).
    Removing stm32f10x_flash.o(i.FLASH_EnableWriteProtection), (196 bytes).
    Removing stm32f10x_flash.o(i.FLASH_EraseAllBank1Pages), (72 bytes).
    Removing stm32f10x_flash.o(i.FLASH_EraseAllPages), (72 bytes).
    Removing stm32f10x_flash.o(i.FLASH_EraseOptionBytes), (168 bytes).
    Removing stm32f10x_flash.o(i.FLASH_ErasePage), (76 bytes).
    Removing stm32f10x_flash.o(i.FLASH_GetBank1Status), (52 bytes).
    Removing stm32f10x_flash.o(i.FLASH_GetFlagStatus), (48 bytes).
    Removing stm32f10x_flash.o(i.FLASH_GetPrefetchBufferStatus), (24 bytes).
    Removing stm32f10x_flash.o(i.FLASH_GetReadOutProtectionStatus), (24 bytes).
    Removing stm32f10x_flash.o(i.FLASH_GetStatus), (52 bytes).
    Removing stm32f10x_flash.o(i.FLASH_GetUserOptionByte), (12 bytes).
    Removing stm32f10x_flash.o(i.FLASH_GetWriteProtectionOptionByte), (12 bytes).
    Removing stm32f10x_flash.o(i.FLASH_HalfCycleAccessCmd), (28 bytes).
    Removing stm32f10x_flash.o(i.FLASH_ITConfig), (32 bytes).
    Removing stm32f10x_flash.o(i.FLASH_Lock), (20 bytes).
    Removing stm32f10x_flash.o(i.FLASH_LockBank1), (20 bytes).
    Removing stm32f10x_flash.o(i.FLASH_PrefetchBufferCmd), (28 bytes).
    Removing stm32f10x_flash.o(i.FLASH_ProgramHalfWord), (64 bytes).
    Removing stm32f10x_flash.o(i.FLASH_ProgramOptionByteData), (84 bytes).
    Removing stm32f10x_flash.o(i.FLASH_ProgramWord), (108 bytes).
    Removing stm32f10x_flash.o(i.FLASH_ReadOutProtection), (172 bytes).
    Removing stm32f10x_flash.o(i.FLASH_SetLatency), (24 bytes).
    Removing stm32f10x_flash.o(i.FLASH_Unlock), (24 bytes).
    Removing stm32f10x_flash.o(i.FLASH_UnlockBank1), (24 bytes).
    Removing stm32f10x_flash.o(i.FLASH_UserOptionByteConfig), (104 bytes).
    Removing stm32f10x_flash.o(i.FLASH_WaitForLastBank1Operation), (38 bytes).
    Removing stm32f10x_flash.o(i.FLASH_WaitForLastOperation), (38 bytes).
    Removing stm32f10x_iwdg.o(i.IWDG_Enable), (16 bytes).
    Removing stm32f10x_iwdg.o(i.IWDG_GetFlagStatus), (24 bytes).
    Removing stm32f10x_iwdg.o(i.IWDG_ReloadCounter), (16 bytes).
    Removing stm32f10x_iwdg.o(i.IWDG_SetPrescaler), (12 bytes).
    Removing stm32f10x_iwdg.o(i.IWDG_SetReload), (12 bytes).
    Removing stm32f10x_iwdg.o(i.IWDG_WriteAccessCmd), (12 bytes).
    Removing stm32f10x_sdio.o(i.SDIO_CEATAITCmd), (16 bytes).
    Removing stm32f10x_sdio.o(i.SDIO_ClearFlag), (12 bytes).
    Removing stm32f10x_sdio.o(i.SDIO_ClearITPendingBit), (12 bytes).
    Removing stm32f10x_sdio.o(i.SDIO_ClockCmd), (12 bytes).
    Removing stm32f10x_sdio.o(i.SDIO_CmdStructInit), (14 bytes).
    Removing stm32f10x_sdio.o(i.SDIO_CommandCompletionCmd), (12 bytes).
    Removing stm32f10x_sdio.o(i.SDIO_DMACmd), (12 bytes).
    Removing stm32f10x_sdio.o(i.SDIO_DataConfig), (48 bytes).
    Removing stm32f10x_sdio.o(i.SDIO_DataStructInit), (20 bytes).
    Removing stm32f10x_sdio.o(i.SDIO_DeInit), (36 bytes).
    Removing stm32f10x_sdio.o(i.SDIO_GetCommandResponse), (12 bytes).
    Removing stm32f10x_sdio.o(i.SDIO_GetDataCounter), (12 bytes).
    Removing stm32f10x_sdio.o(i.SDIO_GetFIFOCount), (12 bytes).
    Removing stm32f10x_sdio.o(i.SDIO_GetFlagStatus), (24 bytes).
    Removing stm32f10x_sdio.o(i.SDIO_GetITStatus), (24 bytes).
    Removing stm32f10x_sdio.o(i.SDIO_GetPowerState), (16 bytes).
    Removing stm32f10x_sdio.o(i.SDIO_GetResponse), (24 bytes).
    Removing stm32f10x_sdio.o(i.SDIO_ITConfig), (32 bytes).
    Removing stm32f10x_sdio.o(i.SDIO_Init), (48 bytes).
    Removing stm32f10x_sdio.o(i.SDIO_ReadData), (12 bytes).
    Removing stm32f10x_sdio.o(i.SDIO_SendCEATACmd), (12 bytes).
    Removing stm32f10x_sdio.o(i.SDIO_SendCommand), (44 bytes).
    Removing stm32f10x_sdio.o(i.SDIO_SendSDIOSuspendCmd), (12 bytes).
    Removing stm32f10x_sdio.o(i.SDIO_SetPowerState), (28 bytes).
    Removing stm32f10x_sdio.o(i.SDIO_SetSDIOOperation), (12 bytes).
    Removing stm32f10x_sdio.o(i.SDIO_SetSDIOReadWaitMode), (12 bytes).
    Removing stm32f10x_sdio.o(i.SDIO_StartSDIOReadWait), (12 bytes).
    Removing stm32f10x_sdio.o(i.SDIO_StopSDIOReadWait), (12 bytes).
    Removing stm32f10x_sdio.o(i.SDIO_StructInit), (16 bytes).
    Removing stm32f10x_sdio.o(i.SDIO_WriteData), (12 bytes).
    Removing stm32f10x_usart.o(i.USART_ClearFlag), (18 bytes).
    Removing stm32f10x_usart.o(i.USART_ClearITPendingBit), (30 bytes).
    Removing stm32f10x_usart.o(i.USART_ClockInit), (34 bytes).
    Removing stm32f10x_usart.o(i.USART_ClockStructInit), (12 bytes).
    Removing stm32f10x_usart.o(i.USART_Cmd), (24 bytes).
    Removing stm32f10x_usart.o(i.USART_DMACmd), (18 bytes).
    Removing stm32f10x_usart.o(i.USART_DeInit), (156 bytes).
    Removing stm32f10x_usart.o(i.USART_GetFlagStatus), (26 bytes).
    Removing stm32f10x_usart.o(i.USART_GetITStatus), (84 bytes).
    Removing stm32f10x_usart.o(i.USART_HalfDuplexCmd), (24 bytes).
    Removing stm32f10x_usart.o(i.USART_ITConfig), (74 bytes).
    Removing stm32f10x_usart.o(i.USART_Init), (216 bytes).
    Removing stm32f10x_usart.o(i.USART_IrDACmd), (24 bytes).
    Removing stm32f10x_usart.o(i.USART_IrDAConfig), (18 bytes).
    Removing stm32f10x_usart.o(i.USART_LINBreakDetectLengthConfig), (18 bytes).
    Removing stm32f10x_usart.o(i.USART_LINCmd), (24 bytes).
    Removing stm32f10x_usart.o(i.USART_OneBitMethodCmd), (24 bytes).
    Removing stm32f10x_usart.o(i.USART_OverSampling8Cmd), (22 bytes).
    Removing stm32f10x_usart.o(i.USART_ReceiveData), (10 bytes).
    Removing stm32f10x_usart.o(i.USART_ReceiverWakeUpCmd), (24 bytes).
    Removing stm32f10x_usart.o(i.USART_SendBreak), (10 bytes).
    Removing stm32f10x_usart.o(i.USART_SendData), (8 bytes).
    Removing stm32f10x_usart.o(i.USART_SetAddress), (18 bytes).
    Removing stm32f10x_usart.o(i.USART_SetGuardTime), (16 bytes).
    Removing stm32f10x_usart.o(i.USART_SetPrescaler), (16 bytes).
    Removing stm32f10x_usart.o(i.USART_SmartCardCmd), (24 bytes).
    Removing stm32f10x_usart.o(i.USART_SmartCardNACKCmd), (24 bytes).
    Removing stm32f10x_usart.o(i.USART_StructInit), (24 bytes).
    Removing stm32f10x_usart.o(i.USART_WakeUpConfig), (18 bytes).
    Removing stm32f10x_wwdg.o(i.WWDG_ClearFlag), (12 bytes).
    Removing stm32f10x_wwdg.o(i.WWDG_DeInit), (22 bytes).
    Removing stm32f10x_wwdg.o(i.WWDG_Enable), (16 bytes).
    Removing stm32f10x_wwdg.o(i.WWDG_EnableIT), (12 bytes).
    Removing stm32f10x_wwdg.o(i.WWDG_GetFlagStatus), (12 bytes).
    Removing stm32f10x_wwdg.o(i.WWDG_SetCounter), (16 bytes).
    Removing stm32f10x_wwdg.o(i.WWDG_SetPrescaler), (24 bytes).
    Removing stm32f10x_wwdg.o(i.WWDG_SetWindowValue), (40 bytes).
    Removing system_stm32f10x.o(i.SystemCoreClockUpdate), (164 bytes).
    Removing system_stm32f10x.o(.data), (20 bytes).
    Removing core_cm3.o(.emb_text), (32 bytes).
    Removing beep.o(i.BEEP_Init), (44 bytes).
    Removing tftlcd.o(i.LCD_DrawLine), (176 bytes).
    Removing tftlcd.o(i.LCD_DrawPoint), (32 bytes).
    Removing tftlcd.o(i.LCD_DrawRectangle), (60 bytes).
    Removing tftlcd.o(i.LCD_Draw_Circle), (152 bytes).
    Removing tftlcd.o(i.LCD_ReadPoint), (116 bytes).
    Removing tftlcd.o(i.LCD_ShowChina), (284 bytes).
    Removing tftlcd.o(i.LCD_ShowChinaStr), (62 bytes).
    Removing tftlcd.o(i.LCD_ShowFontHZ), (220 bytes).
    Removing tftlcd.o(i.LCD_WriteCmdData), (20 bytes).
    Removing 24cxx.o(i.AT24CXX_Check), (46 bytes).
    Removing 24cxx.o(i.AT24CXX_ReadLenByte), (44 bytes).
    Removing 24cxx.o(i.AT24CXX_WriteLenByte), (42 bytes).
    Removing spi.o(i.SPI2_Init), (140 bytes).
    Removing spi.o(i.SPI2_ReadWriteByte), (56 bytes).
    Removing spi.o(i.SPI2_SetSpeed), (40 bytes).
    Removing wkup.o(i.Enter_Standby_Mode), (28 bytes).
    Removing rtc.o(i.RTC_Alarm_Set), (200 bytes).
    Removing snake.o(i.LCD_ShowPictureEx), (92 bytes).
    Removing snake.o(.constdata), (153600 bytes).
    Removing dadd.o(.text), (334 bytes).
    Removing dmul.o(.text), (228 bytes).
    Removing ddiv.o(.text), (222 bytes).
    Removing dfixul.o(.text), (48 bytes).
    Removing cdrcmple.o(.text), (48 bytes).
    Removing depilogue.o(.text), (186 bytes).

466 unused section(s) (total 182622 bytes) removed from the image.

==============================================================================

Image Symbol Table

    Local Symbols

    Symbol Name                              Value     Ov Type        Size  Object(Section)

    ../clib/../cmprslib/lz77c.c              0x00000000   Number         0  __dclz77c.o ABSOLUTE
    ../clib/microlib/division.c              0x00000000   Number         0  uidiv.o ABSOLUTE
    ../clib/microlib/division.c              0x00000000   Number         0  uldiv.o ABSOLUTE
    ../clib/microlib/init/entry.s            0x00000000   Number         0  entry7a.o ABSOLUTE
    ../clib/microlib/init/entry.s            0x00000000   Number         0  entry11b.o ABSOLUTE
    ../clib/microlib/init/entry.s            0x00000000   Number         0  entry11a.o ABSOLUTE
    ../clib/microlib/init/entry.s            0x00000000   Number         0  entry10b.o ABSOLUTE
    ../clib/microlib/init/entry.s            0x00000000   Number         0  entry10a.o ABSOLUTE
    ../clib/microlib/init/entry.s            0x00000000   Number         0  entry9b.o ABSOLUTE
    ../clib/microlib/init/entry.s            0x00000000   Number         0  entry.o ABSOLUTE
    ../clib/microlib/init/entry.s            0x00000000   Number         0  entry2.o ABSOLUTE
    ../clib/microlib/init/entry.s            0x00000000   Number         0  entry5.o ABSOLUTE
    ../clib/microlib/init/entry.s            0x00000000   Number         0  entry7b.o ABSOLUTE
    ../clib/microlib/init/entry.s            0x00000000   Number         0  entry9a.o ABSOLUTE
    ../clib/microlib/init/entry.s            0x00000000   Number         0  entry8a.o ABSOLUTE
    ../clib/microlib/init/entry.s            0x00000000   Number         0  entry8b.o ABSOLUTE
    ../clib/microlib/longlong.c              0x00000000   Number         0  llushr.o ABSOLUTE
    ../clib/microlib/longlong.c              0x00000000   Number         0  llshl.o ABSOLUTE
    ../clib/microlib/longlong.c              0x00000000   Number         0  llsshr.o ABSOLUTE
    ../clib/microlib/printf/printf.c         0x00000000   Number         0  printfb.o ABSOLUTE
    ../clib/microlib/printf/printf.c         0x00000000   Number         0  printf7.o ABSOLUTE
    ../clib/microlib/printf/printf.c         0x00000000   Number         0  printf8.o ABSOLUTE
    ../clib/microlib/printf/printf.c         0x00000000   Number         0  printfa.o ABSOLUTE
    ../clib/microlib/printf/printf.c         0x00000000   Number         0  printf1.o ABSOLUTE
    ../clib/microlib/printf/printf.c         0x00000000   Number         0  printf5.o ABSOLUTE
    ../clib/microlib/printf/printf.c         0x00000000   Number         0  printf4.o ABSOLUTE
    ../clib/microlib/printf/printf.c         0x00000000   Number         0  printf3.o ABSOLUTE
    ../clib/microlib/printf/printf.c         0x00000000   Number         0  printf0.o ABSOLUTE
    ../clib/microlib/printf/printf.c         0x00000000   Number         0  printf2.o ABSOLUTE
    ../clib/microlib/printf/printf.c         0x00000000   Number         0  printf6.o ABSOLUTE
    ../clib/microlib/printf/stubs.s          0x00000000   Number         0  stubs.o ABSOLUTE
    ../clib/microlib/stdio/fputc.c           0x00000000   Number         0  fputc.o ABSOLUTE
    ../clib/microlib/stdio/semi.s            0x00000000   Number         0  semi.o ABSOLUTE
    ../clib/microlib/stdio/streams.c         0x00000000   Number         0  stdout.o ABSOLUTE
    ../clib/microlib/stdlib/rand.c           0x00000000   Number         0  rand.o ABSOLUTE
    ../clib/microlib/string/memset.c         0x00000000   Number         0  memseta.o ABSOLUTE
    ../clib/microlib/string/strlen.c         0x00000000   Number         0  strlen.o ABSOLUTE
    ../clib/microlib/stubs.s                 0x00000000   Number         0  iusefp.o ABSOLUTE
    ../clib/microlib/stubs.s                 0x00000000   Number         0  iusesemip.o ABSOLUTE
    ../fplib/microlib/fpadd.c                0x00000000   Number         0  dadd.o ABSOLUTE
    ../fplib/microlib/fpadd.c                0x00000000   Number         0  fadd.o ABSOLUTE
    ../fplib/microlib/fpdiv.c                0x00000000   Number         0  ddiv.o ABSOLUTE
    ../fplib/microlib/fpdiv.c                0x00000000   Number         0  fdiv.o ABSOLUTE
    ../fplib/microlib/fpepilogue.c           0x00000000   Number         0  fepilogue.o ABSOLUTE
    ../fplib/microlib/fpepilogue.c           0x00000000   Number         0  depilogue.o ABSOLUTE
    ../fplib/microlib/fpfix.c                0x00000000   Number         0  ffixi.o ABSOLUTE
    ../fplib/microlib/fpfix.c                0x00000000   Number         0  ffixui.o ABSOLUTE
    ../fplib/microlib/fpfix.c                0x00000000   Number         0  dfixul.o ABSOLUTE
    ../fplib/microlib/fpflt.c                0x00000000   Number         0  ffltui.o ABSOLUTE
    ../fplib/microlib/fpflt.c                0x00000000   Number         0  fflti.o ABSOLUTE
    ../fplib/microlib/fpmul.c                0x00000000   Number         0  dmul.o ABSOLUTE
    ../fplib/microlib/fpmul.c                0x00000000   Number         0  fmul.o ABSOLUTE
    APP\24Cxx\24cxx.c                        0x00000000   Number         0  24cxx.o ABSOLUTE
    APP\beep\beep.c                          0x00000000   Number         0  beep.o ABSOLUTE
    APP\gameover\gameover.c                  0x00000000   Number         0  gameover.o ABSOLUTE
    APP\iic\iic.c                            0x00000000   Number         0  iic.o ABSOLUTE
    APP\key\key.c                            0x00000000   Number         0  key.o ABSOLUTE
    APP\lcd\tftlcd.c                         0x00000000   Number         0  tftlcd.o ABSOLUTE
    APP\led\led.c                            0x00000000   Number         0  led.o ABSOLUTE
    APP\mybmp\mybmp.c                        0x00000000   Number         0  mybmp.o ABSOLUTE
    APP\play\play.c                          0x00000000   Number         0  play.o ABSOLUTE
    APP\rtc\rtc.c                            0x00000000   Number         0  rtc.o ABSOLUTE
    APP\snake\snake.c                        0x00000000   Number         0  snake.o ABSOLUTE
    APP\spi\spi.c                            0x00000000   Number         0  spi.o ABSOLUTE
    APP\time\time.c                          0x00000000   Number         0  time.o ABSOLUTE
    APP\touch\touch.c                        0x00000000   Number         0  touch.o ABSOLUTE
    APP\wkup\wkup.c                          0x00000000   Number         0  wkup.o ABSOLUTE
    Libraries\CMSIS\core_cm3.c               0x00000000   Number         0  core_cm3.o ABSOLUTE
    Libraries\CMSIS\startup_stm32f10x_hd.s   0x00000000   Number         0  startup_stm32f10x_hd.o ABSOLUTE
    Libraries\CMSIS\system_stm32f10x.c       0x00000000   Number         0  system_stm32f10x.o ABSOLUTE
    Libraries\STM32F10x_StdPeriph_Driver\src\misc.c 0x00000000   Number         0  misc.o ABSOLUTE
    Libraries\STM32F10x_StdPeriph_Driver\src\stm32f10x_adc.c 0x00000000   Number         0  stm32f10x_adc.o ABSOLUTE
    Libraries\STM32F10x_StdPeriph_Driver\src\stm32f10x_bkp.c 0x00000000   Number         0  stm32f10x_bkp.o ABSOLUTE
    Libraries\STM32F10x_StdPeriph_Driver\src\stm32f10x_can.c 0x00000000   Number         0  stm32f10x_can.o ABSOLUTE
    Libraries\STM32F10x_StdPeriph_Driver\src\stm32f10x_cec.c 0x00000000   Number         0  stm32f10x_cec.o ABSOLUTE
    Libraries\STM32F10x_StdPeriph_Driver\src\stm32f10x_crc.c 0x00000000   Number         0  stm32f10x_crc.o ABSOLUTE
    Libraries\STM32F10x_StdPeriph_Driver\src\stm32f10x_dac.c 0x00000000   Number         0  stm32f10x_dac.o ABSOLUTE
    Libraries\STM32F10x_StdPeriph_Driver\src\stm32f10x_dbgmcu.c 0x00000000   Number         0  stm32f10x_dbgmcu.o ABSOLUTE
    Libraries\STM32F10x_StdPeriph_Driver\src\stm32f10x_dma.c 0x00000000   Number         0  stm32f10x_dma.o ABSOLUTE
    Libraries\STM32F10x_StdPeriph_Driver\src\stm32f10x_exti.c 0x00000000   Number         0  stm32f10x_exti.o ABSOLUTE
    Libraries\STM32F10x_StdPeriph_Driver\src\stm32f10x_flash.c 0x00000000   Number         0  stm32f10x_flash.o ABSOLUTE
    Libraries\STM32F10x_StdPeriph_Driver\src\stm32f10x_fsmc.c 0x00000000   Number         0  stm32f10x_fsmc_1.o ABSOLUTE
    Libraries\STM32F10x_StdPeriph_Driver\src\stm32f10x_gpio.c 0x00000000   Number         0  stm32f10x_gpio.o ABSOLUTE
    Libraries\STM32F10x_StdPeriph_Driver\src\stm32f10x_i2c.c 0x00000000   Number         0  stm32f10x_i2c.o ABSOLUTE
    Libraries\STM32F10x_StdPeriph_Driver\src\stm32f10x_iwdg.c 0x00000000   Number         0  stm32f10x_iwdg.o ABSOLUTE
    Libraries\STM32F10x_StdPeriph_Driver\src\stm32f10x_pwr.c 0x00000000   Number         0  stm32f10x_pwr.o ABSOLUTE
    Libraries\STM32F10x_StdPeriph_Driver\src\stm32f10x_rcc.c 0x00000000   Number         0  stm32f10x_rcc.o ABSOLUTE
    Libraries\STM32F10x_StdPeriph_Driver\src\stm32f10x_rtc.c 0x00000000   Number         0  stm32f10x_rtc.o ABSOLUTE
    Libraries\STM32F10x_StdPeriph_Driver\src\stm32f10x_sdio.c 0x00000000   Number         0  stm32f10x_sdio.o ABSOLUTE
    Libraries\STM32F10x_StdPeriph_Driver\src\stm32f10x_spi.c 0x00000000   Number         0  stm32f10x_spi.o ABSOLUTE
    Libraries\STM32F10x_StdPeriph_Driver\src\stm32f10x_tim.c 0x00000000   Number         0  stm32f10x_tim.o ABSOLUTE
    Libraries\STM32F10x_StdPeriph_Driver\src\stm32f10x_usart.c 0x00000000   Number         0  stm32f10x_usart.o ABSOLUTE
    Libraries\STM32F10x_StdPeriph_Driver\src\stm32f10x_wwdg.c 0x00000000   Number         0  stm32f10x_wwdg.o ABSOLUTE
    Libraries\\CMSIS\\core_cm3.c             0x00000000   Number         0  core_cm3.o ABSOLUTE
    Public\SysTick.c                         0x00000000   Number         0  systick.o ABSOLUTE
    Public\system.c                          0x00000000   Number         0  system.o ABSOLUTE
    User\main.c                              0x00000000   Number         0  main.o ABSOLUTE
    User\stm32f10x_it.c                      0x00000000   Number         0  stm32f10x_it.o ABSOLUTE
    cdrcmple.s                               0x00000000   Number         0  cdrcmple.o ABSOLUTE
    dc.s                                     0x00000000   Number         0  dc.o ABSOLUTE
    handlers.s                               0x00000000   Number         0  handlers.o ABSOLUTE
    init.s                                   0x00000000   Number         0  init.o ABSOLUTE
    RESET                                    0x08000000   Section      304  startup_stm32f10x_hd.o(RESET)
    .ARM.Collect$$$$00000000                 0x08000130   Section        0  entry.o(.ARM.Collect$$$$00000000)
    .ARM.Collect$$$$00000001                 0x08000130   Section        4  entry2.o(.ARM.Collect$$$$00000001)
    .ARM.Collect$$$$00000004                 0x08000134   Section        4  entry5.o(.ARM.Collect$$$$00000004)
    .ARM.Collect$$$$00000008                 0x08000138   Section        0  entry7b.o(.ARM.Collect$$$$00000008)
    .ARM.Collect$$$$0000000A                 0x08000138   Section        0  entry8b.o(.ARM.Collect$$$$0000000A)
    .ARM.Collect$$$$0000000B                 0x08000138   Section        8  entry9a.o(.ARM.Collect$$$$0000000B)
    .ARM.Collect$$$$0000000D                 0x08000140   Section        0  entry10a.o(.ARM.Collect$$$$0000000D)
    .ARM.Collect$$$$0000000F                 0x08000140   Section        0  entry11a.o(.ARM.Collect$$$$0000000F)
    .ARM.Collect$$$$00002712                 0x08000140   Section        4  entry2.o(.ARM.Collect$$$$00002712)
    __lit__00000000                          0x08000140   Data           4  entry2.o(.ARM.Collect$$$$00002712)
    .text                                    0x08000144   Section       36  startup_stm32f10x_hd.o(.text)
    .text                                    0x08000168   Section        0  rand.o(.text)
    .text                                    0x0800018c   Section        0  memseta.o(.text)
    .text                                    0x080001b0   Section        0  strlen.o(.text)
    .text                                    0x080001be   Section        0  fadd.o(.text)
    .text                                    0x0800026e   Section        0  fmul.o(.text)
    .text                                    0x080002d2   Section        0  fdiv.o(.text)
    .text                                    0x0800034e   Section        0  fflti.o(.text)
    .text                                    0x08000360   Section        0  ffltui.o(.text)
    .text                                    0x0800036a   Section        0  ffixi.o(.text)
    .text                                    0x0800039c   Section        0  ffixui.o(.text)
    .text                                    0x080003c4   Section        0  uidiv.o(.text)
    .text                                    0x080003f0   Section        0  fepilogue.o(.text)
    .text                                    0x080003f0   Section        0  iusefp.o(.text)
    .text                                    0x08000460   Section       36  init.o(.text)
    .text                                    0x08000484   Section        0  __dclz77c.o(.text)
    .text                                    0x08000484   Section        0  semi.o(.text)
    .text                                    0x08000484   Section        0  iusesemip.o(.text)
    i.AT24CXX_Init                           0x080004e2   Section        0  24cxx.o(i.AT24CXX_Init)
    i.AT24CXX_Read                           0x080004ea   Section        0  24cxx.o(i.AT24CXX_Read)
    i.AT24CXX_ReadOneByte                    0x0800050c   Section        0  24cxx.o(i.AT24CXX_ReadOneByte)
    i.AT24CXX_Write                          0x08000564   Section        0  24cxx.o(i.AT24CXX_Write)
    i.AT24CXX_WriteOneByte                   0x08000588   Section        0  24cxx.o(i.AT24CXX_WriteOneByte)
    i.BKP_DeInit                             0x080005d8   Section        0  stm32f10x_bkp.o(i.BKP_DeInit)
    i.BKP_ReadBackupRegister                 0x080005e8   Section        0  stm32f10x_bkp.o(i.BKP_ReadBackupRegister)
    i.BKP_WriteBackupRegister                0x08000604   Section        0  stm32f10x_bkp.o(i.BKP_WriteBackupRegister)
    i.BusFault_Handler                       0x08000620   Section        0  stm32f10x_it.o(i.BusFault_Handler)
    i.DebugMon_Handler                       0x08000624   Section        0  stm32f10x_it.o(i.DebugMon_Handler)
    i.FSMC_NORSRAMCmd                        0x08000628   Section        0  stm32f10x_fsmc_1.o(i.FSMC_NORSRAMCmd)
    i.FSMC_NORSRAMInit                       0x0800065c   Section        0  stm32f10x_fsmc_1.o(i.FSMC_NORSRAMInit)
    i.GPIO_Init                              0x08000742   Section        0  stm32f10x_gpio.o(i.GPIO_Init)
    i.GPIO_SetBits                           0x08000858   Section        0  stm32f10x_gpio.o(i.GPIO_SetBits)
    i.HardFault_Handler                      0x0800085c   Section        0  stm32f10x_it.o(i.HardFault_Handler)
    i.IIC_Ack                                0x08000860   Section        0  iic.o(i.IIC_Ack)
    i.IIC_Init                               0x08000898   Section        0  iic.o(i.IIC_Init)
    i.IIC_NAck                               0x080008e8   Section        0  iic.o(i.IIC_NAck)
    i.IIC_Read_Byte                          0x08000920   Section        0  iic.o(i.IIC_Read_Byte)
    i.IIC_Send_Byte                          0x08000978   Section        0  iic.o(i.IIC_Send_Byte)
    i.IIC_Start                              0x080009dc   Section        0  iic.o(i.IIC_Start)
    i.IIC_Stop                               0x08000a14   Section        0  iic.o(i.IIC_Stop)
    i.IIC_Wait_Ack                           0x08000a4c   Section        0  iic.o(i.IIC_Wait_Ack)
    i.Is_Leap_Year                           0x08000a98   Section        0  rtc.o(i.Is_Leap_Year)
    i.KEY_Init                               0x08000ad4   Section        0  key.o(i.KEY_Init)
    i.KEY_Scan                               0x08000b1c   Section        0  key.o(i.KEY_Scan)
    i.LCD_Clear                              0x08000bb8   Section        0  tftlcd.o(i.LCD_Clear)
    i.LCD_Display_Dir                        0x08000c00   Section        0  tftlcd.o(i.LCD_Display_Dir)
    i.LCD_DrawFRONT_COLOR                    0x08000c64   Section        0  tftlcd.o(i.LCD_DrawFRONT_COLOR)
    i.LCD_DrawLine_Color                     0x08000c80   Section        0  tftlcd.o(i.LCD_DrawLine_Color)
    i.LCD_DrawRectangle_color                0x08000d2c   Section        0  tftlcd.o(i.LCD_DrawRectangle_color)
    i.LCD_DrowSign                           0x08000d76   Section        0  tftlcd.o(i.LCD_DrowSign)
    i.LCD_Fill                               0x08000dfa   Section        0  tftlcd.o(i.LCD_Fill)
    i.LCD_RGBColor_Change                    0x08000e56   Section        0  tftlcd.o(i.LCD_RGBColor_Change)
    i.LCD_ReadData                           0x08000e74   Section        0  tftlcd.o(i.LCD_ReadData)
    i.LCD_Set_Window                         0x08000e90   Section        0  tftlcd.o(i.LCD_Set_Window)
    i.LCD_ShowChar                           0x08000f58   Section        0  tftlcd.o(i.LCD_ShowChar)
    i.LCD_ShowFontHZ16                       0x08001050   Section        0  tftlcd.o(i.LCD_ShowFontHZ16)
    i.LCD_ShowPicture                        0x08001118   Section        0  tftlcd.o(i.LCD_ShowPicture)
    i.LCD_ShowString                         0x08001174   Section        0  tftlcd.o(i.LCD_ShowString)
    i.LCD_WriteCmd                           0x080011b0   Section        0  tftlcd.o(i.LCD_WriteCmd)
    i.LCD_WriteData                          0x080011c4   Section        0  tftlcd.o(i.LCD_WriteData)
    i.LCD_WriteData_Color                    0x080011d8   Section        0  tftlcd.o(i.LCD_WriteData_Color)
    i.LED_Init                               0x080011f8   Section        0  led.o(i.LED_Init)
    i.MemManage_Handler                      0x0800122c   Section        0  stm32f10x_it.o(i.MemManage_Handler)
    i.NMI_Handler                            0x08001230   Section        0  stm32f10x_it.o(i.NMI_Handler)
    i.NVIC_Init                              0x08001234   Section        0  misc.o(i.NVIC_Init)
    i.PWR_BackupAccessCmd                    0x080012a4   Section        0  stm32f10x_pwr.o(i.PWR_BackupAccessCmd)
    i.PendSV_Handler                         0x080012b0   Section        0  stm32f10x_it.o(i.PendSV_Handler)
    i.RCC_AHBPeriphClockCmd                  0x080012b4   Section        0  stm32f10x_rcc.o(i.RCC_AHBPeriphClockCmd)
    i.RCC_APB1PeriphClockCmd                 0x080012d4   Section        0  stm32f10x_rcc.o(i.RCC_APB1PeriphClockCmd)
    i.RCC_APB2PeriphClockCmd                 0x080012f4   Section        0  stm32f10x_rcc.o(i.RCC_APB2PeriphClockCmd)
    i.RCC_BackupResetCmd                     0x08001314   Section        0  stm32f10x_rcc.o(i.RCC_BackupResetCmd)
    i.RCC_GetFlagStatus                      0x08001320   Section        0  stm32f10x_rcc.o(i.RCC_GetFlagStatus)
    i.RCC_LSEConfig                          0x0800135c   Section        0  stm32f10x_rcc.o(i.RCC_LSEConfig)
    i.RCC_RTCCLKCmd                          0x08001390   Section        0  stm32f10x_rcc.o(i.RCC_RTCCLKCmd)
    i.RCC_RTCCLKConfig                       0x0800139c   Section        0  stm32f10x_rcc.o(i.RCC_RTCCLKConfig)
    i.RTC_ClearITPendingBit                  0x080013ac   Section        0  stm32f10x_rtc.o(i.RTC_ClearITPendingBit)
    i.RTC_EnterConfigMode                    0x080013bc   Section        0  stm32f10x_rtc.o(i.RTC_EnterConfigMode)
    i.RTC_ExitConfigMode                     0x080013d0   Section        0  stm32f10x_rtc.o(i.RTC_ExitConfigMode)
    i.RTC_Get                                0x080013e4   Section        0  rtc.o(i.RTC_Get)
    i.RTC_GetCounter                         0x080014e4   Section        0  stm32f10x_rtc.o(i.RTC_GetCounter)
    i.RTC_GetITStatus                        0x080014f8   Section        0  stm32f10x_rtc.o(i.RTC_GetITStatus)
    i.RTC_Get_Week                           0x0800151c   Section        0  rtc.o(i.RTC_Get_Week)
    i.RTC_IRQHandler                         0x08001594   Section        0  rtc.o(i.RTC_IRQHandler)
    i.RTC_ITConfig                           0x0800166c   Section        0  stm32f10x_rtc.o(i.RTC_ITConfig)
    i.RTC_Init                               0x0800168c   Section        0  rtc.o(i.RTC_Init)
    i.RTC_NVIC_Config                        0x0800174c   Section        0  rtc.o(i.RTC_NVIC_Config)
    RTC_NVIC_Config                          0x0800174d   Thumb Code    32  rtc.o(i.RTC_NVIC_Config)
    i.RTC_Set                                0x0800176c   Section        0  rtc.o(i.RTC_Set)
    i.RTC_SetCounter                         0x08001834   Section        0  stm32f10x_rtc.o(i.RTC_SetCounter)
    i.RTC_SetPrescaler                       0x08001850   Section        0  stm32f10x_rtc.o(i.RTC_SetPrescaler)
    i.RTC_WaitForLastTask                    0x08001870   Section        0  stm32f10x_rtc.o(i.RTC_WaitForLastTask)
    i.RTC_WaitForSynchro                     0x08001884   Section        0  stm32f10x_rtc.o(i.RTC_WaitForSynchro)
    i.SDA_IN                                 0x080018a8   Section        0  iic.o(i.SDA_IN)
    i.SDA_OUT                                0x080018c8   Section        0  iic.o(i.SDA_OUT)
    i.SPI1_Init                              0x080018ec   Section        0  spi.o(i.SPI1_Init)
    i.SPI1_ReadWriteByte                     0x08001974   Section        0  spi.o(i.SPI1_ReadWriteByte)
    i.SPI1_SetSpeed                          0x080019ac   Section        0  spi.o(i.SPI1_SetSpeed)
    i.SPI_Cmd                                0x080019d4   Section        0  stm32f10x_spi.o(i.SPI_Cmd)
    i.SPI_I2S_GetFlagStatus                  0x080019ec   Section        0  stm32f10x_spi.o(i.SPI_I2S_GetFlagStatus)
    i.SPI_I2S_ReceiveData                    0x080019fe   Section        0  stm32f10x_spi.o(i.SPI_I2S_ReceiveData)
    i.SPI_I2S_SendData                       0x08001a04   Section        0  stm32f10x_spi.o(i.SPI_I2S_SendData)
    i.SPI_Init                               0x08001a08   Section        0  stm32f10x_spi.o(i.SPI_Init)
    i.SVC_Handler                            0x08001a44   Section        0  stm32f10x_it.o(i.SVC_Handler)
    i.SetSysClock                            0x08001a46   Section        0  system_stm32f10x.o(i.SetSysClock)
    SetSysClock                              0x08001a47   Thumb Code     8  system_stm32f10x.o(i.SetSysClock)
    i.SetSysClockTo72                        0x08001a50   Section        0  system_stm32f10x.o(i.SetSysClockTo72)
    SetSysClockTo72                          0x08001a51   Thumb Code   214  system_stm32f10x.o(i.SetSysClockTo72)
    i.SysTick_CLKSourceConfig                0x08001b30   Section        0  misc.o(i.SysTick_CLKSourceConfig)
    i.SysTick_Handler                        0x08001b58   Section        0  stm32f10x_it.o(i.SysTick_Handler)
    i.SysTick_Init                           0x08001b5c   Section        0  systick.o(i.SysTick_Init)
    i.SystemInit                             0x08001b98   Section        0  system_stm32f10x.o(i.SystemInit)
    i.TFTLCD_FSMC_Init                       0x08001bf8   Section        0  tftlcd.o(i.TFTLCD_FSMC_Init)
    i.TFTLCD_GPIO_Init                       0x08001c78   Section        0  tftlcd.o(i.TFTLCD_GPIO_Init)
    i.TFTLCD_Init                            0x08001ce8   Section        0  tftlcd.o(i.TFTLCD_Init)
    i.TIM3_IRQHandler                        0x08002018   Section        0  main.o(i.TIM3_IRQHandler)
    i.TIM3_Init                              0x08002038   Section        0  time.o(i.TIM3_Init)
    i.TIM4_IRQHandler                        0x08002098   Section        0  time.o(i.TIM4_IRQHandler)
    i.TIM4_Init                              0x080020c8   Section        0  time.o(i.TIM4_Init)
    i.TIM_ClearITPendingBit                  0x08002130   Section        0  stm32f10x_tim.o(i.TIM_ClearITPendingBit)
    i.TIM_Cmd                                0x08002136   Section        0  stm32f10x_tim.o(i.TIM_Cmd)
    i.TIM_GetITStatus                        0x0800214e   Section        0  stm32f10x_tim.o(i.TIM_GetITStatus)
    i.TIM_ITConfig                           0x08002170   Section        0  stm32f10x_tim.o(i.TIM_ITConfig)
    i.TIM_TimeBaseInit                       0x08002184   Section        0  stm32f10x_tim.o(i.TIM_TimeBaseInit)
    i.TOUCH_Adjust                           0x08002228   Section        0  touch.o(i.TOUCH_Adjust)
    i.TOUCH_Init                             0x080023d8   Section        0  touch.o(i.TOUCH_Init)
    i.TOUCH_ReadAdjust                       0x0800243c   Section        0  touch.o(i.TOUCH_ReadAdjust)
    i.TOUCH_ReadData                         0x080024a4   Section        0  touch.o(i.TOUCH_ReadData)
    i.TOUCH_ReadXY                           0x0800256c   Section        0  touch.o(i.TOUCH_ReadXY)
    i.TOUCH_Scan                             0x0800260c   Section        0  touch.o(i.TOUCH_Scan)
    i.UsageFault_Handler                     0x080026cc   Section        0  stm32f10x_it.o(i.UsageFault_Handler)
    i.__0printf$6                            0x080026d0   Section        0  printf6.o(i.__0printf$6)
    i.__0sprintf$6                           0x080026f0   Section        0  printf6.o(i.__0sprintf$6)
    i.__scatterload_copy                     0x08002718   Section       14  handlers.o(i.__scatterload_copy)
    i.__scatterload_null                     0x08002726   Section        2  handlers.o(i.__scatterload_null)
    i.__scatterload_zeroinit                 0x08002728   Section       14  handlers.o(i.__scatterload_zeroinit)
    i._printf_core                           0x08002738   Section        0  printf6.o(i._printf_core)
    _printf_core                             0x08002739   Thumb Code   748  printf6.o(i._printf_core)
    i._printf_post_padding                   0x08002a28   Section        0  printf6.o(i._printf_post_padding)
    _printf_post_padding                     0x08002a29   Thumb Code    36  printf6.o(i._printf_post_padding)
    i._printf_pre_padding                    0x08002a4c   Section        0  printf6.o(i._printf_pre_padding)
    _printf_pre_padding                      0x08002a4d   Thumb Code    46  printf6.o(i._printf_pre_padding)
    i._sputc                                 0x08002a7a   Section        0  printf6.o(i._sputc)
    _sputc                                   0x08002a7b   Thumb Code    10  printf6.o(i._sputc)
    i.delay_ms                               0x08002a84   Section        0  systick.o(i.delay_ms)
    i.delay_us                               0x08002ad0   Section        0  systick.o(i.delay_us)
    i.fputc                                  0x08002b1c   Section        0  fputc.o(i.fputc)
    i.gameov                                 0x08002b30   Section        0  main.o(i.gameov)
    i.main                                   0x08002b68   Section        0  main.o(i.main)
    i.playgame                               0x08002da4   Section        0  main.o(i.playgame)
    i.show                                   0x080030f4   Section        0  snake.o(i.show)
    i.touch                                  0x080031bc   Section        0  main.o(i.touch)
    i.ui_1                                   0x0800323c   Section        0  main.o(i.ui_1)
    i.ui_2                                   0x08003444   Section        0  main.o(i.ui_2)
    i.ui_3                                   0x080035b8   Section        0  main.o(i.ui_3)
    .constdata                               0x080036cc   Section    10814  tftlcd.o(.constdata)
    .constdata                               0x0800610a   Section       24  rtc.o(.constdata)
    .constdata                               0x08006122   Section    20000  gameover.o(.constdata)
    .data                                    0x20000000   Section        5  main.o(.data)
    .data                                    0x20000006   Section       12  tftlcd.o(.data)
    .data                                    0x20000012   Section    12800  mybmp.o(.data)
    .data                                    0x20003212   Section        1  key.o(.data)
    key                                      0x20003212   Data           1  key.o(.data)
    .data                                    0x20003214   Section        8  touch.o(.data)
    .data                                    0x2000321c   Section        2  rtc.o(.data)
    daycnt                                   0x2000321c   Data           2  rtc.o(.data)
    .data                                    0x2000321e   Section        1  snake.o(.data)
    .data                                    0x2000321f   Section    10000  play.o(.data)
    .data                                    0x20005930   Section        4  systick.o(.data)
    fac_us                                   0x20005930   Data           1  systick.o(.data)
    fac_ms                                   0x20005932   Data           2  systick.o(.data)
    .data                                    0x20005934   Section        4  rand.o(.data)
    _rand_state                              0x20005934   Data           4  rand.o(.data)
    .data                                    0x20005938   Section        4  stdout.o(.data)
    .bss                                     0x2000593c   Section      236  main.o(.bss)
    .bss                                     0x20005a28   Section       16  touch.o(.bss)
    TouchAdj                                 0x20005a28   Data          16  touch.o(.bss)
    .bss                                     0x20005a38   Section       10  rtc.o(.bss)
    STACK                                    0x20005a48   Section     1024  startup_stm32f10x_hd.o(STACK)

    Global Symbols

    Symbol Name                              Value     Ov Type        Size  Object(Section)

    BuildAttributes$$THM_ISAv4$P$D$K$B$S$PE$A:L22UL41UL21$X:L11$S22US41US21$IEEE1$IW$USESV6$~STKCKD$USESV7$~SHL$OTIME$ROPI$EBA8$MICROLIB$REQ8$PRES8$EABIv2 0x00000000   Number         0  anon$$obj.o ABSOLUTE
    __ARM_use_no_argv                        0x00000000   Number         0  main.o ABSOLUTE
    _printf_a                                0x00000000   Number         0  stubs.o ABSOLUTE
    _printf_c                                0x00000000   Number         0  stubs.o ABSOLUTE
    _printf_charcount                        0x00000000   Number         0  stubs.o ABSOLUTE
    _printf_d                                0x00000000   Number         0  stubs.o ABSOLUTE
    _printf_e                                0x00000000   Number         0  stubs.o ABSOLUTE
    _printf_f                                0x00000000   Number         0  stubs.o ABSOLUTE
    _printf_flags                            0x00000000   Number         0  stubs.o ABSOLUTE
    _printf_fp_dec                           0x00000000   Number         0  stubs.o ABSOLUTE
    _printf_fp_hex                           0x00000000   Number         0  stubs.o ABSOLUTE
    _printf_g                                0x00000000   Number         0  stubs.o ABSOLUTE
    _printf_i                                0x00000000   Number         0  stubs.o ABSOLUTE
    _printf_int_dec                          0x00000000   Number         0  stubs.o ABSOLUTE
    _printf_l                                0x00000000   Number         0  stubs.o ABSOLUTE
    _printf_lc                               0x00000000   Number         0  stubs.o ABSOLUTE
    _printf_ll                               0x00000000   Number         0  stubs.o ABSOLUTE
    _printf_lld                              0x00000000   Number         0  stubs.o ABSOLUTE
    _printf_lli                              0x00000000   Number         0  stubs.o ABSOLUTE
    _printf_llo                              0x00000000   Number         0  stubs.o ABSOLUTE
    _printf_llu                              0x00000000   Number         0  stubs.o ABSOLUTE
    _printf_llx                              0x00000000   Number         0  stubs.o ABSOLUTE
    _printf_longlong_dec                     0x00000000   Number         0  stubs.o ABSOLUTE
    _printf_longlong_hex                     0x00000000   Number         0  stubs.o ABSOLUTE
    _printf_longlong_oct                     0x00000000   Number         0  stubs.o ABSOLUTE
    _printf_ls                               0x00000000   Number         0  stubs.o ABSOLUTE
    _printf_mbtowc                           0x00000000   Number         0  stubs.o ABSOLUTE
    _printf_n                                0x00000000   Number         0  stubs.o ABSOLUTE
    _printf_o                                0x00000000   Number         0  stubs.o ABSOLUTE
    _printf_p                                0x00000000   Number         0  stubs.o ABSOLUTE
    _printf_percent                          0x00000000   Number         0  stubs.o ABSOLUTE
    _printf_pre_padding                      0x00000000   Number         0  stubs.o ABSOLUTE
    _printf_return_value                     0x00000000   Number         0  stubs.o ABSOLUTE
    _printf_s                                0x00000000   Number         0  stubs.o ABSOLUTE
    _printf_sizespec                         0x00000000   Number         0  stubs.o ABSOLUTE
    _printf_str                              0x00000000   Number         0  stubs.o ABSOLUTE
    _printf_truncate_signed                  0x00000000   Number         0  stubs.o ABSOLUTE
    _printf_truncate_unsigned                0x00000000   Number         0  stubs.o ABSOLUTE
    _printf_u                                0x00000000   Number         0  stubs.o ABSOLUTE
    _printf_wc                               0x00000000   Number         0  stubs.o ABSOLUTE
    _printf_wctomb                           0x00000000   Number         0  stubs.o ABSOLUTE
    _printf_widthprec                        0x00000000   Number         0  stubs.o ABSOLUTE
    _printf_x                                0x00000000   Number         0  stubs.o ABSOLUTE
    __cpp_initialize__aeabi_                  - Undefined Weak Reference
    __cxa_finalize                            - Undefined Weak Reference
    _clock_init                               - Undefined Weak Reference
    _microlib_exit                            - Undefined Weak Reference
    __Vectors_Size                           0x00000130   Number         0  startup_stm32f10x_hd.o ABSOLUTE
    __Vectors                                0x08000000   Data           4  startup_stm32f10x_hd.o(RESET)
    __Vectors_End                            0x08000130   Data           0  startup_stm32f10x_hd.o(RESET)
    __main                                   0x08000131   Thumb Code     0  entry.o(.ARM.Collect$$$$00000000)
    _main_stk                                0x08000131   Thumb Code     0  entry2.o(.ARM.Collect$$$$00000001)
    _main_scatterload                        0x08000135   Thumb Code     0  entry5.o(.ARM.Collect$$$$00000004)
    __main_after_scatterload                 0x08000139   Thumb Code     0  entry5.o(.ARM.Collect$$$$00000004)
    _main_clock                              0x08000139   Thumb Code     0  entry7b.o(.ARM.Collect$$$$00000008)
    _main_cpp_init                           0x08000139   Thumb Code     0  entry8b.o(.ARM.Collect$$$$0000000A)
    _main_init                               0x08000139   Thumb Code     0  entry9a.o(.ARM.Collect$$$$0000000B)
    __rt_final_cpp                           0x08000141   Thumb Code     0  entry10a.o(.ARM.Collect$$$$0000000D)
    __rt_final_exit                          0x08000141   Thumb Code     0  entry11a.o(.ARM.Collect$$$$0000000F)
    Reset_Handler                            0x08000145   Thumb Code     8  startup_stm32f10x_hd.o(.text)
    ADC1_2_IRQHandler                        0x0800015f   Thumb Code     0  startup_stm32f10x_hd.o(.text)
    ADC3_IRQHandler                          0x0800015f   Thumb Code     0  startup_stm32f10x_hd.o(.text)
    CAN1_RX1_IRQHandler                      0x0800015f   Thumb Code     0  startup_stm32f10x_hd.o(.text)
    CAN1_SCE_IRQHandler                      0x0800015f   Thumb Code     0  startup_stm32f10x_hd.o(.text)
    DMA1_Channel1_IRQHandler                 0x0800015f   Thumb Code     0  startup_stm32f10x_hd.o(.text)
    DMA1_Channel2_IRQHandler                 0x0800015f   Thumb Code     0  startup_stm32f10x_hd.o(.text)
    DMA1_Channel3_IRQHandler                 0x0800015f   Thumb Code     0  startup_stm32f10x_hd.o(.text)
    DMA1_Channel4_IRQHandler                 0x0800015f   Thumb Code     0  startup_stm32f10x_hd.o(.text)
    DMA1_Channel5_IRQHandler                 0x0800015f   Thumb Code     0  startup_stm32f10x_hd.o(.text)
    DMA1_Channel6_IRQHandler                 0x0800015f   Thumb Code     0  startup_stm32f10x_hd.o(.text)
    DMA1_Channel7_IRQHandler                 0x0800015f   Thumb Code     0  startup_stm32f10x_hd.o(.text)
    DMA2_Channel1_IRQHandler                 0x0800015f   Thumb Code     0  startup_stm32f10x_hd.o(.text)
    DMA2_Channel2_IRQHandler                 0x0800015f   Thumb Code     0  startup_stm32f10x_hd.o(.text)
    DMA2_Channel3_IRQHandler                 0x0800015f   Thumb Code     0  startup_stm32f10x_hd.o(.text)
    DMA2_Channel4_5_IRQHandler               0x0800015f   Thumb Code     0  startup_stm32f10x_hd.o(.text)
    EXTI0_IRQHandler                         0x0800015f   Thumb Code     0  startup_stm32f10x_hd.o(.text)
    EXTI15_10_IRQHandler                     0x0800015f   Thumb Code     0  startup_stm32f10x_hd.o(.text)
    EXTI1_IRQHandler                         0x0800015f   Thumb Code     0  startup_stm32f10x_hd.o(.text)
    EXTI2_IRQHandler                         0x0800015f   Thumb Code     0  startup_stm32f10x_hd.o(.text)
    EXTI3_IRQHandler                         0x0800015f   Thumb Code     0  startup_stm32f10x_hd.o(.text)
    EXTI4_IRQHandler                         0x0800015f   Thumb Code     0  startup_stm32f10x_hd.o(.text)
    EXTI9_5_IRQHandler                       0x0800015f   Thumb Code     0  startup_stm32f10x_hd.o(.text)
    FLASH_IRQHandler                         0x0800015f   Thumb Code     0  startup_stm32f10x_hd.o(.text)
    FSMC_IRQHandler                          0x0800015f   Thumb Code     0  startup_stm32f10x_hd.o(.text)
    I2C1_ER_IRQHandler                       0x0800015f   Thumb Code     0  startup_stm32f10x_hd.o(.text)
    I2C1_EV_IRQHandler                       0x0800015f   Thumb Code     0  startup_stm32f10x_hd.o(.text)
    I2C2_ER_IRQHandler                       0x0800015f   Thumb Code     0  startup_stm32f10x_hd.o(.text)
    I2C2_EV_IRQHandler                       0x0800015f   Thumb Code     0  startup_stm32f10x_hd.o(.text)
    PVD_IRQHandler                           0x0800015f   Thumb Code     0  startup_stm32f10x_hd.o(.text)
    RCC_IRQHandler                           0x0800015f   Thumb Code     0  startup_stm32f10x_hd.o(.text)
    RTCAlarm_IRQHandler                      0x0800015f   Thumb Code     0  startup_stm32f10x_hd.o(.text)
    SDIO_IRQHandler                          0x0800015f   Thumb Code     0  startup_stm32f10x_hd.o(.text)
    SPI1_IRQHandler                          0x0800015f   Thumb Code     0  startup_stm32f10x_hd.o(.text)
    SPI2_IRQHandler                          0x0800015f   Thumb Code     0  startup_stm32f10x_hd.o(.text)
    SPI3_IRQHandler                          0x0800015f   Thumb Code     0  startup_stm32f10x_hd.o(.text)
    TAMPER_IRQHandler                        0x0800015f   Thumb Code     0  startup_stm32f10x_hd.o(.text)
    TIM1_BRK_IRQHandler                      0x0800015f   Thumb Code     0  startup_stm32f10x_hd.o(.text)
    TIM1_CC_IRQHandler                       0x0800015f   Thumb Code     0  startup_stm32f10x_hd.o(.text)
    TIM1_TRG_COM_IRQHandler                  0x0800015f   Thumb Code     0  startup_stm32f10x_hd.o(.text)
    TIM1_UP_IRQHandler                       0x0800015f   Thumb Code     0  startup_stm32f10x_hd.o(.text)
    TIM2_IRQHandler                          0x0800015f   Thumb Code     0  startup_stm32f10x_hd.o(.text)
    TIM5_IRQHandler                          0x0800015f   Thumb Code     0  startup_stm32f10x_hd.o(.text)
    TIM6_IRQHandler                          0x0800015f   Thumb Code     0  startup_stm32f10x_hd.o(.text)
    TIM7_IRQHandler                          0x0800015f   Thumb Code     0  startup_stm32f10x_hd.o(.text)
    TIM8_BRK_IRQHandler                      0x0800015f   Thumb Code     0  startup_stm32f10x_hd.o(.text)
    TIM8_CC_IRQHandler                       0x0800015f   Thumb Code     0  startup_stm32f10x_hd.o(.text)
    TIM8_TRG_COM_IRQHandler                  0x0800015f   Thumb Code     0  startup_stm32f10x_hd.o(.text)
    TIM8_UP_IRQHandler                       0x0800015f   Thumb Code     0  startup_stm32f10x_hd.o(.text)
    UART4_IRQHandler                         0x0800015f   Thumb Code     0  startup_stm32f10x_hd.o(.text)
    UART5_IRQHandler                         0x0800015f   Thumb Code     0  startup_stm32f10x_hd.o(.text)
    USART1_IRQHandler                        0x0800015f   Thumb Code     0  startup_stm32f10x_hd.o(.text)
    USART2_IRQHandler                        0x0800015f   Thumb Code     0  startup_stm32f10x_hd.o(.text)
    USART3_IRQHandler                        0x0800015f   Thumb Code     0  startup_stm32f10x_hd.o(.text)
    USBWakeUp_IRQHandler                     0x0800015f   Thumb Code     0  startup_stm32f10x_hd.o(.text)
    USB_HP_CAN1_TX_IRQHandler                0x0800015f   Thumb Code     0  startup_stm32f10x_hd.o(.text)
    USB_LP_CAN1_RX0_IRQHandler               0x0800015f   Thumb Code     0  startup_stm32f10x_hd.o(.text)
    WWDG_IRQHandler                          0x0800015f   Thumb Code     0  startup_stm32f10x_hd.o(.text)
    rand                                     0x08000169   Thumb Code    20  rand.o(.text)
    srand                                    0x0800017d   Thumb Code     6  rand.o(.text)
    __aeabi_memset                           0x0800018d   Thumb Code    14  memseta.o(.text)
    __aeabi_memset4                          0x0800018d   Thumb Code     0  memseta.o(.text)
    __aeabi_memset8                          0x0800018d   Thumb Code     0  memseta.o(.text)
    __aeabi_memclr                           0x0800019b   Thumb Code     4  memseta.o(.text)
    __aeabi_memclr4                          0x0800019b   Thumb Code     0  memseta.o(.text)
    __aeabi_memclr8                          0x0800019b   Thumb Code     0  memseta.o(.text)
    _memset$wrapper                          0x0800019f   Thumb Code    18  memseta.o(.text)
    strlen                                   0x080001b1   Thumb Code    14  strlen.o(.text)
    __aeabi_fadd                             0x080001bf   Thumb Code   164  fadd.o(.text)
    __aeabi_fsub                             0x08000263   Thumb Code     6  fadd.o(.text)
    __aeabi_frsub                            0x08000269   Thumb Code     6  fadd.o(.text)
    __aeabi_fmul                             0x0800026f   Thumb Code   100  fmul.o(.text)
    __aeabi_fdiv                             0x080002d3   Thumb Code   124  fdiv.o(.text)
    __aeabi_i2f                              0x0800034f   Thumb Code    18  fflti.o(.text)
    __aeabi_ui2f                             0x08000361   Thumb Code    10  ffltui.o(.text)
    __aeabi_f2iz                             0x0800036b   Thumb Code    50  ffixi.o(.text)
    __aeabi_f2uiz                            0x0800039d   Thumb Code    40  ffixui.o(.text)
    __aeabi_uidiv                            0x080003c5   Thumb Code     0  uidiv.o(.text)
    __aeabi_uidivmod                         0x080003c5   Thumb Code    44  uidiv.o(.text)
    __I$use$fp                               0x080003f1   Thumb Code     0  iusefp.o(.text)
    _float_round                             0x080003f1   Thumb Code    18  fepilogue.o(.text)
    _float_epilogue                          0x08000403   Thumb Code    92  fepilogue.o(.text)
    __scatterload                            0x08000461   Thumb Code    28  init.o(.text)
    __scatterload_rt2                        0x08000461   Thumb Code     0  init.o(.text)
    __I$use$semihosting$fputc                0x08000485   Thumb Code     0  iusesemip.o(.text)
    __decompress                             0x08000485   Thumb Code     0  __dclz77c.o(.text)
    __decompress2                            0x08000485   Thumb Code    94  __dclz77c.o(.text)
    __semihosting_library_function           0x08000485   Thumb Code     0  semi.o(.text)
    AT24CXX_Init                             0x080004e3   Thumb Code     8  24cxx.o(i.AT24CXX_Init)
    AT24CXX_Read                             0x080004eb   Thumb Code    34  24cxx.o(i.AT24CXX_Read)
    AT24CXX_ReadOneByte                      0x0800050d   Thumb Code    88  24cxx.o(i.AT24CXX_ReadOneByte)
    AT24CXX_Write                            0x08000565   Thumb Code    36  24cxx.o(i.AT24CXX_Write)
    AT24CXX_WriteOneByte                     0x08000589   Thumb Code    80  24cxx.o(i.AT24CXX_WriteOneByte)
    BKP_DeInit                               0x080005d9   Thumb Code    16  stm32f10x_bkp.o(i.BKP_DeInit)
    BKP_ReadBackupRegister                   0x080005e9   Thumb Code    24  stm32f10x_bkp.o(i.BKP_ReadBackupRegister)
    BKP_WriteBackupRegister                  0x08000605   Thumb Code    22  stm32f10x_bkp.o(i.BKP_WriteBackupRegister)
    BusFault_Handler                         0x08000621   Thumb Code     4  stm32f10x_it.o(i.BusFault_Handler)
    DebugMon_Handler                         0x08000625   Thumb Code     2  stm32f10x_it.o(i.DebugMon_Handler)
    FSMC_NORSRAMCmd                          0x08000629   Thumb Code    46  stm32f10x_fsmc_1.o(i.FSMC_NORSRAMCmd)
    FSMC_NORSRAMInit                         0x0800065d   Thumb Code   230  stm32f10x_fsmc_1.o(i.FSMC_NORSRAMInit)
    GPIO_Init                                0x08000743   Thumb Code   278  stm32f10x_gpio.o(i.GPIO_Init)
    GPIO_SetBits                             0x08000859   Thumb Code     4  stm32f10x_gpio.o(i.GPIO_SetBits)
    HardFault_Handler                        0x0800085d   Thumb Code     4  stm32f10x_it.o(i.HardFault_Handler)
    IIC_Ack                                  0x08000861   Thumb Code    48  iic.o(i.IIC_Ack)
    IIC_Init                                 0x08000899   Thumb Code    68  iic.o(i.IIC_Init)
    IIC_NAck                                 0x080008e9   Thumb Code    48  iic.o(i.IIC_NAck)
    IIC_Read_Byte                            0x08000921   Thumb Code    80  iic.o(i.IIC_Read_Byte)
    IIC_Send_Byte                            0x08000979   Thumb Code    90  iic.o(i.IIC_Send_Byte)
    IIC_Start                                0x080009dd   Thumb Code    46  iic.o(i.IIC_Start)
    IIC_Stop                                 0x08000a15   Thumb Code    46  iic.o(i.IIC_Stop)
    IIC_Wait_Ack                             0x08000a4d   Thumb Code    68  iic.o(i.IIC_Wait_Ack)
    Is_Leap_Year                             0x08000a99   Thumb Code    58  rtc.o(i.Is_Leap_Year)
    KEY_Init                                 0x08000ad5   Thumb Code    64  key.o(i.KEY_Init)
    KEY_Scan                                 0x08000b1d   Thumb Code   142  key.o(i.KEY_Scan)
    LCD_Clear                                0x08000bb9   Thumb Code    68  tftlcd.o(i.LCD_Clear)
    LCD_Display_Dir                          0x08000c01   Thumb Code    96  tftlcd.o(i.LCD_Display_Dir)
    LCD_DrawFRONT_COLOR                      0x08000c65   Thumb Code    28  tftlcd.o(i.LCD_DrawFRONT_COLOR)
    LCD_DrawLine_Color                       0x08000c81   Thumb Code   172  tftlcd.o(i.LCD_DrawLine_Color)
    LCD_DrawRectangle_color                  0x08000d2d   Thumb Code    74  tftlcd.o(i.LCD_DrawRectangle_color)
    LCD_DrowSign                             0x08000d77   Thumb Code   132  tftlcd.o(i.LCD_DrowSign)
    LCD_Fill                                 0x08000dfb   Thumb Code    92  tftlcd.o(i.LCD_Fill)
    LCD_RGBColor_Change                      0x08000e57   Thumb Code    28  tftlcd.o(i.LCD_RGBColor_Change)
    LCD_ReadData                             0x08000e75   Thumb Code    24  tftlcd.o(i.LCD_ReadData)
    LCD_Set_Window                           0x08000e91   Thumb Code   194  tftlcd.o(i.LCD_Set_Window)
    LCD_ShowChar                             0x08000f59   Thumb Code   234  tftlcd.o(i.LCD_ShowChar)
    LCD_ShowFontHZ16                         0x08001051   Thumb Code   196  tftlcd.o(i.LCD_ShowFontHZ16)
    LCD_ShowPicture                          0x08001119   Thumb Code    92  tftlcd.o(i.LCD_ShowPicture)
    LCD_ShowString                           0x08001175   Thumb Code    58  tftlcd.o(i.LCD_ShowString)
    LCD_WriteCmd                             0x080011b1   Thumb Code    16  tftlcd.o(i.LCD_WriteCmd)
    LCD_WriteData                            0x080011c5   Thumb Code    16  tftlcd.o(i.LCD_WriteData)
    LCD_WriteData_Color                      0x080011d9   Thumb Code    26  tftlcd.o(i.LCD_WriteData_Color)
    LED_Init                                 0x080011f9   Thumb Code    46  led.o(i.LED_Init)
    MemManage_Handler                        0x0800122d   Thumb Code     4  stm32f10x_it.o(i.MemManage_Handler)
    NMI_Handler                              0x08001231   Thumb Code     2  stm32f10x_it.o(i.NMI_Handler)
    NVIC_Init                                0x08001235   Thumb Code   100  misc.o(i.NVIC_Init)
    PWR_BackupAccessCmd                      0x080012a5   Thumb Code     6  stm32f10x_pwr.o(i.PWR_BackupAccessCmd)
    PendSV_Handler                           0x080012b1   Thumb Code     2  stm32f10x_it.o(i.PendSV_Handler)
    RCC_AHBPeriphClockCmd                    0x080012b5   Thumb Code    26  stm32f10x_rcc.o(i.RCC_AHBPeriphClockCmd)
    RCC_APB1PeriphClockCmd                   0x080012d5   Thumb Code    26  stm32f10x_rcc.o(i.RCC_APB1PeriphClockCmd)
    RCC_APB2PeriphClockCmd                   0x080012f5   Thumb Code    26  stm32f10x_rcc.o(i.RCC_APB2PeriphClockCmd)
    RCC_BackupResetCmd                       0x08001315   Thumb Code     6  stm32f10x_rcc.o(i.RCC_BackupResetCmd)
    RCC_GetFlagStatus                        0x08001321   Thumb Code    56  stm32f10x_rcc.o(i.RCC_GetFlagStatus)
    RCC_LSEConfig                            0x0800135d   Thumb Code    46  stm32f10x_rcc.o(i.RCC_LSEConfig)
    RCC_RTCCLKCmd                            0x08001391   Thumb Code     6  stm32f10x_rcc.o(i.RCC_RTCCLKCmd)
    RCC_RTCCLKConfig                         0x0800139d   Thumb Code    12  stm32f10x_rcc.o(i.RCC_RTCCLKConfig)
    RTC_ClearITPendingBit                    0x080013ad   Thumb Code    12  stm32f10x_rtc.o(i.RTC_ClearITPendingBit)
    RTC_EnterConfigMode                      0x080013bd   Thumb Code    14  stm32f10x_rtc.o(i.RTC_EnterConfigMode)
    RTC_ExitConfigMode                       0x080013d1   Thumb Code    16  stm32f10x_rtc.o(i.RTC_ExitConfigMode)
    RTC_Get                                  0x080013e5   Thumb Code   240  rtc.o(i.RTC_Get)
    RTC_GetCounter                           0x080014e5   Thumb Code    16  stm32f10x_rtc.o(i.RTC_GetCounter)
    RTC_GetITStatus                          0x080014f9   Thumb Code    32  stm32f10x_rtc.o(i.RTC_GetITStatus)
    RTC_Get_Week                             0x0800151d   Thumb Code   116  rtc.o(i.RTC_Get_Week)
    RTC_IRQHandler                           0x08001595   Thumb Code   150  rtc.o(i.RTC_IRQHandler)
    RTC_ITConfig                             0x0800166d   Thumb Code    26  stm32f10x_rtc.o(i.RTC_ITConfig)
    RTC_Init                                 0x0800168d   Thumb Code   192  rtc.o(i.RTC_Init)
    RTC_Set                                  0x0800176d   Thumb Code   184  rtc.o(i.RTC_Set)
    RTC_SetCounter                           0x08001835   Thumb Code    24  stm32f10x_rtc.o(i.RTC_SetCounter)
    RTC_SetPrescaler                         0x08001851   Thumb Code    26  stm32f10x_rtc.o(i.RTC_SetPrescaler)
    RTC_WaitForLastTask                      0x08001871   Thumb Code    16  stm32f10x_rtc.o(i.RTC_WaitForLastTask)
    RTC_WaitForSynchro                       0x08001885   Thumb Code    30  stm32f10x_rtc.o(i.RTC_WaitForSynchro)
    SDA_IN                                   0x080018a9   Thumb Code    26  iic.o(i.SDA_IN)
    SDA_OUT                                  0x080018c9   Thumb Code    32  iic.o(i.SDA_OUT)
    SPI1_Init                                0x080018ed   Thumb Code   128  spi.o(i.SPI1_Init)
    SPI1_ReadWriteByte                       0x08001975   Thumb Code    50  spi.o(i.SPI1_ReadWriteByte)
    SPI1_SetSpeed                            0x080019ad   Thumb Code    36  spi.o(i.SPI1_SetSpeed)
    SPI_Cmd                                  0x080019d5   Thumb Code    24  stm32f10x_spi.o(i.SPI_Cmd)
    SPI_I2S_GetFlagStatus                    0x080019ed   Thumb Code    18  stm32f10x_spi.o(i.SPI_I2S_GetFlagStatus)
    SPI_I2S_ReceiveData                      0x080019ff   Thumb Code     6  stm32f10x_spi.o(i.SPI_I2S_ReceiveData)
    SPI_I2S_SendData                         0x08001a05   Thumb Code     4  stm32f10x_spi.o(i.SPI_I2S_SendData)
    SPI_Init                                 0x08001a09   Thumb Code    60  stm32f10x_spi.o(i.SPI_Init)
    SVC_Handler                              0x08001a45   Thumb Code     2  stm32f10x_it.o(i.SVC_Handler)
    SysTick_CLKSourceConfig                  0x08001b31   Thumb Code    40  misc.o(i.SysTick_CLKSourceConfig)
    SysTick_Handler                          0x08001b59   Thumb Code     2  stm32f10x_it.o(i.SysTick_Handler)
    SysTick_Init                             0x08001b5d   Thumb Code    52  systick.o(i.SysTick_Init)
    SystemInit                               0x08001b99   Thumb Code    78  system_stm32f10x.o(i.SystemInit)
    TFTLCD_FSMC_Init                         0x08001bf9   Thumb Code   126  tftlcd.o(i.TFTLCD_FSMC_Init)
    TFTLCD_GPIO_Init                         0x08001c79   Thumb Code    98  tftlcd.o(i.TFTLCD_GPIO_Init)
    TFTLCD_Init                              0x08001ce9   Thumb Code   812  tftlcd.o(i.TFTLCD_Init)
    TIM3_IRQHandler                          0x08002019   Thumb Code    26  main.o(i.TIM3_IRQHandler)
    TIM3_Init                                0x08002039   Thumb Code    90  time.o(i.TIM3_Init)
    TIM4_IRQHandler                          0x08002099   Thumb Code    38  time.o(i.TIM4_IRQHandler)
    TIM4_Init                                0x080020c9   Thumb Code    98  time.o(i.TIM4_Init)
    TIM_ClearITPendingBit                    0x08002131   Thumb Code     6  stm32f10x_tim.o(i.TIM_ClearITPendingBit)
    TIM_Cmd                                  0x08002137   Thumb Code    24  stm32f10x_tim.o(i.TIM_Cmd)
    TIM_GetITStatus                          0x0800214f   Thumb Code    34  stm32f10x_tim.o(i.TIM_GetITStatus)
    TIM_ITConfig                             0x08002171   Thumb Code    18  stm32f10x_tim.o(i.TIM_ITConfig)
    TIM_TimeBaseInit                         0x08002185   Thumb Code   122  stm32f10x_tim.o(i.TIM_TimeBaseInit)
    TOUCH_Adjust                             0x08002229   Thumb Code   424  touch.o(i.TOUCH_Adjust)
    TOUCH_Init                               0x080023d9   Thumb Code    92  touch.o(i.TOUCH_Init)
    TOUCH_ReadAdjust                         0x0800243d   Thumb Code    98  touch.o(i.TOUCH_ReadAdjust)
    TOUCH_ReadData                           0x080024a5   Thumb Code   190  touch.o(i.TOUCH_ReadData)
    TOUCH_ReadXY                             0x0800256d   Thumb Code   158  touch.o(i.TOUCH_ReadXY)
    TOUCH_Scan                               0x0800260d   Thumb Code   178  touch.o(i.TOUCH_Scan)
    UsageFault_Handler                       0x080026cd   Thumb Code     4  stm32f10x_it.o(i.UsageFault_Handler)
    __0printf$6                              0x080026d1   Thumb Code    22  printf6.o(i.__0printf$6)
    __1printf$6                              0x080026d1   Thumb Code     0  printf6.o(i.__0printf$6)
    __2printf                                0x080026d1   Thumb Code     0  printf6.o(i.__0printf$6)
    __0sprintf$6                             0x080026f1   Thumb Code    34  printf6.o(i.__0sprintf$6)
    __1sprintf$6                             0x080026f1   Thumb Code     0  printf6.o(i.__0sprintf$6)
    __2sprintf                               0x080026f1   Thumb Code     0  printf6.o(i.__0sprintf$6)
    __scatterload_copy                       0x08002719   Thumb Code    14  handlers.o(i.__scatterload_copy)
    __scatterload_null                       0x08002727   Thumb Code     2  handlers.o(i.__scatterload_null)
    __scatterload_zeroinit                   0x08002729   Thumb Code    14  handlers.o(i.__scatterload_zeroinit)
    delay_ms                                 0x08002a85   Thumb Code    72  systick.o(i.delay_ms)
    delay_us                                 0x08002ad1   Thumb Code    72  systick.o(i.delay_us)
    fputc                                    0x08002b1d   Thumb Code    18  fputc.o(i.fputc)
    gameov                                   0x08002b31   Thumb Code    40  main.o(i.gameov)
    main                                     0x08002b69   Thumb Code   562  main.o(i.main)
    playgame                                 0x08002da5   Thumb Code   828  main.o(i.playgame)
    show                                     0x080030f5   Thumb Code   172  snake.o(i.show)
    touch                                    0x080031bd   Thumb Code   118  main.o(i.touch)
    ui_1                                     0x0800323d   Thumb Code   404  main.o(i.ui_1)
    ui_2                                     0x08003445   Thumb Code   278  main.o(i.ui_2)
    ui_3                                     0x080035b9   Thumb Code   220  main.o(i.ui_3)
    ascii_1206                               0x080036cc   Data        1140  tftlcd.o(.constdata)
    ascii_1608                               0x08003b40   Data        1520  tftlcd.o(.constdata)
    ascii_2412                               0x08004130   Data        3420  tftlcd.o(.constdata)
    CnChar32x29                              0x08004e8c   Data        1062  tftlcd.o(.constdata)
    CnChar16x16                              0x080052b2   Data        3672  tftlcd.o(.constdata)
    table_week                               0x0800610a   Data          12  rtc.o(.constdata)
    mon_table                                0x08006116   Data          12  rtc.o(.constdata)
    gameover                                 0x08006122   Data       20000  gameover.o(.constdata)
    Region$$Table$$Base                      0x0800af44   Number         0  anon$$obj.o(Region$$Table)
    Region$$Table$$Limit                     0x0800af64   Number         0  anon$$obj.o(Region$$Table)
    pause                                    0x20000000   Data           1  main.o(.data)
    start                                    0x20000001   Data           1  main.o(.data)
    food                                     0x20000002   Data           3  main.o(.data)
    FRONT_COLOR                              0x20000006   Data           2  tftlcd.o(.data)
    BACK_COLOR                               0x20000008   Data           2  tftlcd.o(.data)
    tftlcd_data                              0x2000000a   Data           8  tftlcd.o(.data)
    mybmp                                    0x20000012   Data       12800  mybmp.o(.data)
    TouchData                                0x20003214   Data           8  touch.o(.data)
    key                                      0x2000321e   Data           1  snake.o(.data)
    play                                     0x2000321f   Data       10000  play.o(.data)
    __stdout                                 0x20005938   Data           4  stdout.o(.data)
    str1                                     0x2000593c   Data          32  main.o(.bss)
    snake                                    0x2000595c   Data         204  main.o(.bss)
    calendar                                 0x20005a38   Data          10  rtc.o(.bss)
    __initial_sp                             0x20005e48   Data           0  startup_stm32f10x_hd.o(STACK)



==============================================================================

Memory Map of the image

  Image Entry point : 0x08000131

  Load Region LR_IROM1 (Base: 0x08000000, Size: 0x000108a0, Max: 0x00080000, ABSOLUTE, COMPRESSED[0x0000dd08])

    Execution Region ER_IROM1 (Base: 0x08000000, Size: 0x0000af64, Max: 0x00080000, ABSOLUTE)

    Base Addr    Size         Type   Attr      Idx    E Section Name        Object

    0x08000000   0x00000130   Data   RO          292    RESET               startup_stm32f10x_hd.o
    0x08000130   0x00000000   Code   RO         4030  * .ARM.Collect$$$$00000000  mc_w.l(entry.o)
    0x08000130   0x00000004   Code   RO         4315    .ARM.Collect$$$$00000001  mc_w.l(entry2.o)
    0x08000134   0x00000004   Code   RO         4318    .ARM.Collect$$$$00000004  mc_w.l(entry5.o)
    0x08000138   0x00000000   Code   RO         4320    .ARM.Collect$$$$00000008  mc_w.l(entry7b.o)
    0x08000138   0x00000000   Code   RO         4322    .ARM.Collect$$$$0000000A  mc_w.l(entry8b.o)
    0x08000138   0x00000008   Code   RO         4323    .ARM.Collect$$$$0000000B  mc_w.l(entry9a.o)
    0x08000140   0x00000000   Code   RO         4325    .ARM.Collect$$$$0000000D  mc_w.l(entry10a.o)
    0x08000140   0x00000000   Code   RO         4327    .ARM.Collect$$$$0000000F  mc_w.l(entry11a.o)
    0x08000140   0x00000004   Code   RO         4316    .ARM.Collect$$$$00002712  mc_w.l(entry2.o)
    0x08000144   0x00000024   Code   RO          293    .text               startup_stm32f10x_hd.o
    0x08000168   0x00000024   Code   RO         4033    .text               mc_w.l(rand.o)
    0x0800018c   0x00000024   Code   RO         4036    .text               mc_w.l(memseta.o)
    0x080001b0   0x0000000e   Code   RO         4038    .text               mc_w.l(strlen.o)
    0x080001be   0x000000b0   Code   RO         4301    .text               mf_w.l(fadd.o)
    0x0800026e   0x00000064   Code   RO         4303    .text               mf_w.l(fmul.o)
    0x080002d2   0x0000007c   Code   RO         4305    .text               mf_w.l(fdiv.o)
    0x0800034e   0x00000012   Code   RO         4307    .text               mf_w.l(fflti.o)
    0x08000360   0x0000000a   Code   RO         4309    .text               mf_w.l(ffltui.o)
    0x0800036a   0x00000032   Code   RO         4311    .text               mf_w.l(ffixi.o)
    0x0800039c   0x00000028   Code   RO         4313    .text               mf_w.l(ffixui.o)
    0x080003c4   0x0000002c   Code   RO         4332    .text               mc_w.l(uidiv.o)
    0x080003f0   0x00000000   Code   RO         4336    .text               mc_w.l(iusefp.o)
    0x080003f0   0x0000006e   Code   RO         4337    .text               mf_w.l(fepilogue.o)
    0x0800045e   0x00000002   PAD
    0x08000460   0x00000024   Code   RO         4349    .text               mc_w.l(init.o)
    0x08000484   0x00000000   Code   RO         4351    .text               mc_w.l(semi.o)
    0x08000484   0x00000000   Code   RO         4358    .text               mc_w.l(iusesemip.o)
    0x08000484   0x0000005e   Code   RO         4369    .text               mc_w.l(__dclz77c.o)
    0x080004e2   0x00000008   Code   RO         3621    i.AT24CXX_Init      24cxx.o
    0x080004ea   0x00000022   Code   RO         3622    i.AT24CXX_Read      24cxx.o
    0x0800050c   0x00000058   Code   RO         3624    i.AT24CXX_ReadOneByte  24cxx.o
    0x08000564   0x00000024   Code   RO         3625    i.AT24CXX_Write     24cxx.o
    0x08000588   0x00000050   Code   RO         3627    i.AT24CXX_WriteOneByte  24cxx.o
    0x080005d8   0x00000010   Code   RO         1756    i.BKP_DeInit        stm32f10x_bkp.o
    0x080005e8   0x0000001c   Code   RO         1761    i.BKP_ReadBackupRegister  stm32f10x_bkp.o
    0x08000604   0x0000001c   Code   RO         1765    i.BKP_WriteBackupRegister  stm32f10x_bkp.o
    0x08000620   0x00000004   Code   RO          205    i.BusFault_Handler  stm32f10x_it.o
    0x08000624   0x00000002   Code   RO          206    i.DebugMon_Handler  stm32f10x_it.o
    0x08000626   0x00000002   PAD
    0x08000628   0x00000034   Code   RO          659    i.FSMC_NORSRAMCmd   stm32f10x_fsmc_1.o
    0x0800065c   0x000000e6   Code   RO          661    i.FSMC_NORSRAMInit  stm32f10x_fsmc_1.o
    0x08000742   0x00000116   Code   RO          304    i.GPIO_Init         stm32f10x_gpio.o
    0x08000858   0x00000004   Code   RO          312    i.GPIO_SetBits      stm32f10x_gpio.o
    0x0800085c   0x00000004   Code   RO          207    i.HardFault_Handler  stm32f10x_it.o
    0x08000860   0x00000038   Code   RO         3680    i.IIC_Ack           iic.o
    0x08000898   0x00000050   Code   RO         3681    i.IIC_Init          iic.o
    0x080008e8   0x00000038   Code   RO         3682    i.IIC_NAck          iic.o
    0x08000920   0x00000058   Code   RO         3683    i.IIC_Read_Byte     iic.o
    0x08000978   0x00000064   Code   RO         3684    i.IIC_Send_Byte     iic.o
    0x080009dc   0x00000038   Code   RO         3685    i.IIC_Start         iic.o
    0x08000a14   0x00000038   Code   RO         3686    i.IIC_Stop          iic.o
    0x08000a4c   0x0000004c   Code   RO         3687    i.IIC_Wait_Ack      iic.o
    0x08000a98   0x0000003a   Code   RO         3891    i.Is_Leap_Year      rtc.o
    0x08000ad2   0x00000002   PAD
    0x08000ad4   0x00000048   Code   RO         3598    i.KEY_Init          key.o
    0x08000b1c   0x0000009c   Code   RO         3599    i.KEY_Scan          key.o
    0x08000bb8   0x00000048   Code   RO         3339    i.LCD_Clear         tftlcd.o
    0x08000c00   0x00000064   Code   RO         3340    i.LCD_Display_Dir   tftlcd.o
    0x08000c64   0x0000001c   Code   RO         3341    i.LCD_DrawFRONT_COLOR  tftlcd.o
    0x08000c80   0x000000ac   Code   RO         3343    i.LCD_DrawLine_Color  tftlcd.o
    0x08000d2c   0x0000004a   Code   RO         3346    i.LCD_DrawRectangle_color  tftlcd.o
    0x08000d76   0x00000084   Code   RO         3348    i.LCD_DrowSign      tftlcd.o
    0x08000dfa   0x0000005c   Code   RO         3349    i.LCD_Fill          tftlcd.o
    0x08000e56   0x0000001c   Code   RO         3350    i.LCD_RGBColor_Change  tftlcd.o
    0x08000e72   0x00000002   PAD
    0x08000e74   0x0000001c   Code   RO         3351    i.LCD_ReadData      tftlcd.o
    0x08000e90   0x000000c8   Code   RO         3353    i.LCD_Set_Window    tftlcd.o
    0x08000f58   0x000000f8   Code   RO         3354    i.LCD_ShowChar      tftlcd.o
    0x08001050   0x000000c8   Code   RO         3358    i.LCD_ShowFontHZ16  tftlcd.o
    0x08001118   0x0000005c   Code   RO         3359    i.LCD_ShowPicture   tftlcd.o
    0x08001174   0x0000003a   Code   RO         3360    i.LCD_ShowString    tftlcd.o
    0x080011ae   0x00000002   PAD
    0x080011b0   0x00000014   Code   RO         3361    i.LCD_WriteCmd      tftlcd.o
    0x080011c4   0x00000014   Code   RO         3363    i.LCD_WriteData     tftlcd.o
    0x080011d8   0x00000020   Code   RO         3364    i.LCD_WriteData_Color  tftlcd.o
    0x080011f8   0x00000034   Code   RO         3309    i.LED_Init          led.o
    0x0800122c   0x00000004   Code   RO          208    i.MemManage_Handler  stm32f10x_it.o
    0x08001230   0x00000002   Code   RO          209    i.NMI_Handler       stm32f10x_it.o
    0x08001232   0x00000002   PAD
    0x08001234   0x00000070   Code   RO          612    i.NVIC_Init         misc.o
    0x080012a4   0x0000000c   Code   RO         1832    i.PWR_BackupAccessCmd  stm32f10x_pwr.o
    0x080012b0   0x00000002   Code   RO          210    i.PendSV_Handler    stm32f10x_it.o
    0x080012b2   0x00000002   PAD
    0x080012b4   0x00000020   Code   RO          413    i.RCC_AHBPeriphClockCmd  stm32f10x_rcc.o
    0x080012d4   0x00000020   Code   RO          414    i.RCC_APB1PeriphClockCmd  stm32f10x_rcc.o
    0x080012f4   0x00000020   Code   RO          416    i.RCC_APB2PeriphClockCmd  stm32f10x_rcc.o
    0x08001314   0x0000000c   Code   RO          419    i.RCC_BackupResetCmd  stm32f10x_rcc.o
    0x08001320   0x0000003c   Code   RO          425    i.RCC_GetFlagStatus  stm32f10x_rcc.o
    0x0800135c   0x00000034   Code   RO          432    i.RCC_LSEConfig     stm32f10x_rcc.o
    0x08001390   0x0000000c   Code   RO          439    i.RCC_RTCCLKCmd     stm32f10x_rcc.o
    0x0800139c   0x00000010   Code   RO          440    i.RCC_RTCCLKConfig  stm32f10x_rcc.o
    0x080013ac   0x00000010   Code   RO         1665    i.RTC_ClearITPendingBit  stm32f10x_rtc.o
    0x080013bc   0x00000014   Code   RO         1666    i.RTC_EnterConfigMode  stm32f10x_rtc.o
    0x080013d0   0x00000014   Code   RO         1667    i.RTC_ExitConfigMode  stm32f10x_rtc.o
    0x080013e4   0x00000100   Code   RO         3893    i.RTC_Get           rtc.o
    0x080014e4   0x00000014   Code   RO         1668    i.RTC_GetCounter    stm32f10x_rtc.o
    0x080014f8   0x00000024   Code   RO         1671    i.RTC_GetITStatus   stm32f10x_rtc.o
    0x0800151c   0x00000078   Code   RO         3894    i.RTC_Get_Week      rtc.o
    0x08001594   0x000000d8   Code   RO         3895    i.RTC_IRQHandler    rtc.o
    0x0800166c   0x00000020   Code   RO         1672    i.RTC_ITConfig      stm32f10x_rtc.o
    0x0800168c   0x000000c0   Code   RO         3896    i.RTC_Init          rtc.o
    0x0800174c   0x00000020   Code   RO         3897    i.RTC_NVIC_Config   rtc.o
    0x0800176c   0x000000c8   Code   RO         3898    i.RTC_Set           rtc.o
    0x08001834   0x0000001c   Code   RO         1674    i.RTC_SetCounter    stm32f10x_rtc.o
    0x08001850   0x00000020   Code   RO         1675    i.RTC_SetPrescaler  stm32f10x_rtc.o
    0x08001870   0x00000014   Code   RO         1676    i.RTC_WaitForLastTask  stm32f10x_rtc.o
    0x08001884   0x00000024   Code   RO         1677    i.RTC_WaitForSynchro  stm32f10x_rtc.o
    0x080018a8   0x00000020   Code   RO         3688    i.SDA_IN            iic.o
    0x080018c8   0x00000024   Code   RO         3689    i.SDA_OUT           iic.o
    0x080018ec   0x00000088   Code   RO         3749    i.SPI1_Init         spi.o
    0x08001974   0x00000038   Code   RO         3750    i.SPI1_ReadWriteByte  spi.o
    0x080019ac   0x00000028   Code   RO         3751    i.SPI1_SetSpeed     spi.o
    0x080019d4   0x00000018   Code   RO          773    i.SPI_Cmd           stm32f10x_spi.o
    0x080019ec   0x00000012   Code   RO          781    i.SPI_I2S_GetFlagStatus  stm32f10x_spi.o
    0x080019fe   0x00000006   Code   RO          784    i.SPI_I2S_ReceiveData  stm32f10x_spi.o
    0x08001a04   0x00000004   Code   RO          785    i.SPI_I2S_SendData  stm32f10x_spi.o
    0x08001a08   0x0000003c   Code   RO          786    i.SPI_Init          stm32f10x_spi.o
    0x08001a44   0x00000002   Code   RO          211    i.SVC_Handler       stm32f10x_it.o
    0x08001a46   0x00000008   Code   RO         3265    i.SetSysClock       system_stm32f10x.o
    0x08001a4e   0x00000002   PAD
    0x08001a50   0x000000e0   Code   RO         3266    i.SetSysClockTo72   system_stm32f10x.o
    0x08001b30   0x00000028   Code   RO          616    i.SysTick_CLKSourceConfig  misc.o
    0x08001b58   0x00000002   Code   RO          212    i.SysTick_Handler   stm32f10x_it.o
    0x08001b5a   0x00000002   PAD
    0x08001b5c   0x0000003c   Code   RO         4001    i.SysTick_Init      systick.o
    0x08001b98   0x00000060   Code   RO         3268    i.SystemInit        system_stm32f10x.o
    0x08001bf8   0x0000007e   Code   RO         3365    i.TFTLCD_FSMC_Init  tftlcd.o
    0x08001c76   0x00000002   PAD
    0x08001c78   0x00000070   Code   RO         3366    i.TFTLCD_GPIO_Init  tftlcd.o
    0x08001ce8   0x00000330   Code   RO         3367    i.TFTLCD_Init       tftlcd.o
    0x08002018   0x00000020   Code   RO            1    i.TIM3_IRQHandler   main.o
    0x08002038   0x00000060   Code   RO         3864    i.TIM3_Init         time.o
    0x08002098   0x00000030   Code   RO         3865    i.TIM4_IRQHandler   time.o
    0x080020c8   0x00000068   Code   RO         3866    i.TIM4_Init         time.o
    0x08002130   0x00000006   Code   RO         1127    i.TIM_ClearITPendingBit  stm32f10x_tim.o
    0x08002136   0x00000018   Code   RO         1132    i.TIM_Cmd           stm32f10x_tim.o
    0x0800214e   0x00000022   Code   RO         1153    i.TIM_GetITStatus   stm32f10x_tim.o
    0x08002170   0x00000012   Code   RO         1157    i.TIM_ITConfig      stm32f10x_tim.o
    0x08002182   0x00000002   PAD
    0x08002184   0x000000a4   Code   RO         1203    i.TIM_TimeBaseInit  stm32f10x_tim.o
    0x08002228   0x000001b0   Code   RO         3794    i.TOUCH_Adjust      touch.o
    0x080023d8   0x00000064   Code   RO         3795    i.TOUCH_Init        touch.o
    0x0800243c   0x00000068   Code   RO         3796    i.TOUCH_ReadAdjust  touch.o
    0x080024a4   0x000000c8   Code   RO         3797    i.TOUCH_ReadData    touch.o
    0x0800256c   0x0000009e   Code   RO         3798    i.TOUCH_ReadXY      touch.o
    0x0800260a   0x00000002   PAD
    0x0800260c   0x000000c0   Code   RO         3799    i.TOUCH_Scan        touch.o
    0x080026cc   0x00000004   Code   RO          213    i.UsageFault_Handler  stm32f10x_it.o
    0x080026d0   0x00000020   Code   RO         4195    i.__0printf$6       mc_w.l(printf6.o)
    0x080026f0   0x00000028   Code   RO         4197    i.__0sprintf$6      mc_w.l(printf6.o)
    0x08002718   0x0000000e   Code   RO         4363    i.__scatterload_copy  mc_w.l(handlers.o)
    0x08002726   0x00000002   Code   RO         4364    i.__scatterload_null  mc_w.l(handlers.o)
    0x08002728   0x0000000e   Code   RO         4365    i.__scatterload_zeroinit  mc_w.l(handlers.o)
    0x08002736   0x00000002   PAD
    0x08002738   0x000002f0   Code   RO         4202    i._printf_core      mc_w.l(printf6.o)
    0x08002a28   0x00000024   Code   RO         4203    i._printf_post_padding  mc_w.l(printf6.o)
    0x08002a4c   0x0000002e   Code   RO         4204    i._printf_pre_padding  mc_w.l(printf6.o)
    0x08002a7a   0x0000000a   Code   RO         4206    i._sputc            mc_w.l(printf6.o)
    0x08002a84   0x0000004c   Code   RO         4002    i.delay_ms          systick.o
    0x08002ad0   0x0000004c   Code   RO         4003    i.delay_us          systick.o
    0x08002b1c   0x00000012   Code   RO         4329    i.fputc             mc_w.l(fputc.o)
    0x08002b2e   0x00000002   PAD
    0x08002b30   0x00000038   Code   RO            3    i.gameov            main.o
    0x08002b68   0x0000023c   Code   RO            4    i.main              main.o
    0x08002da4   0x00000350   Code   RO            5    i.playgame          main.o
    0x080030f4   0x000000c8   Code   RO         3960    i.show              snake.o
    0x080031bc   0x00000080   Code   RO            6    i.touch             main.o
    0x0800323c   0x00000208   Code   RO            7    i.ui_1              main.o
    0x08003444   0x00000174   Code   RO            8    i.ui_2              main.o
    0x080035b8   0x00000114   Code   RO            9    i.ui_3              main.o
    0x080036cc   0x00002a3e   Data   RO         3368    .constdata          tftlcd.o
    0x0800610a   0x00000018   Data   RO         3900    .constdata          rtc.o
    0x08006122   0x00004e20   Data   RO         3952    .constdata          gameover.o
    0x0800af42   0x00000002   PAD
    0x0800af44   0x00000020   Data   RO         4361    Region$$Table       anon$$obj.o


    Execution Region RW_IRAM1 (Base: 0x20000000, Size: 0x00005e48, Max: 0x00010000, ABSOLUTE, COMPRESSED[0x00002da4])

    Base Addr    Size         Type   Attr      Idx    E Section Name        Object

    0x20000000   0x00000005   Data   RW           11    .data               main.o
    0x20000005   0x00000001   PAD
    0x20000006   0x0000000c   Data   RW         3369    .data               tftlcd.o
    0x20000012   0x00003200   Data   RW         3591    .data               mybmp.o
    0x20003212   0x00000001   Data   RW         3600    .data               key.o
    0x20003213   0x00000001   PAD
    0x20003214   0x00000008   Data   RW         3801    .data               touch.o
    0x2000321c   0x00000002   Data   RW         3901    .data               rtc.o
    0x2000321e   0x00000001   Data   RW         3962    .data               snake.o
    0x2000321f   0x00002710   Data   RW         3985    .data               play.o
    0x2000592f   0x00000001   PAD
    0x20005930   0x00000004   Data   RW         4004    .data               systick.o
    0x20005934   0x00000004   Data   RW         4034    .data               mc_w.l(rand.o)
    0x20005938   0x00000004   Data   RW         4331    .data               mc_w.l(stdout.o)
    0x2000593c   0x000000ec   Zero   RW           10    .bss                main.o
    0x20005a28   0x00000010   Zero   RW         3800    .bss                touch.o
    0x20005a38   0x0000000a   Zero   RW         3899    .bss                rtc.o
    0x20005a42   0x00000006   PAD
    0x20005a48   0x00000400   Zero   RW          290    STACK               startup_stm32f10x_hd.o


==============================================================================

Image component sizes


      Code (inc. data)   RO Data    RW Data    ZI Data      Debug   Object Name

       246          0          0          0          0       2959   24cxx.o
         0          0      20000          0          0        391   gameover.o
       636         84          0          0          0       4733   iic.o
       228         22          0          1          0       1082   key.o
        52          6          0          0          0        451   led.o
      2804        328          0          5        236     258532   main.o
       152         12          0          0          0       1606   misc.o
         0          0          0      12800          0        372   mybmp.o
         0          0          0      10000          0        371   play.o
      1074        102         24          2         10       5250   rtc.o
       200         28          0          1          0        837   snake.o
       232         18          0          0          0       1545   spi.o
        36          8        304          0       1024        824   startup_stm32f10x_hd.o
        72         10          0          0          0       2756   stm32f10x_bkp.o
       282          6          0          0          0       1877   stm32f10x_fsmc_1.o
       282          0          0          0          0       2543   stm32f10x_gpio.o
        26          0          0          0          0       3602   stm32f10x_it.o
        12          6          0          0          0        526   stm32f10x_pwr.o
       248         44          0          0          0       4542   stm32f10x_rcc.o
       260         48          0          0          0       5272   stm32f10x_rtc.o
       112          0          0          0          0       3914   stm32f10x_spi.o
       246         42          0          0          0       3650   stm32f10x_tim.o
       328         28          0          0          0       1849   system_stm32f10x.o
       212         16          0          4          0       1601   systick.o
      2650         68      10814         12          0      34487   tftlcd.o
       248         22          0          0          0       1622   time.o
      1186         46          0          8         16       5600   touch.o

    ----------------------------------------------------------------------
     11846        944      31176      22836       1292     352794   Object Totals
         0          0         32          0          0          0   (incl. Generated)
        22          0          2          3          6          0   (incl. Padding)

    ----------------------------------------------------------------------

      Code (inc. data)   RO Data    RW Data    ZI Data      Debug   Library Member Name

        94          0          0          0          0          0   __dclz77c.o
         0          0          0          0          0          0   entry.o
         0          0          0          0          0          0   entry10a.o
         0          0          0          0          0          0   entry11a.o
         8          4          0          0          0          0   entry2.o
         4          0          0          0          0          0   entry5.o
         0          0          0          0          0          0   entry7b.o
         0          0          0          0          0          0   entry8b.o
         8          4          0          0          0          0   entry9a.o
        18          0          0          0          0         80   fputc.o
        30          0          0          0          0          0   handlers.o
        36          8          0          0          0         68   init.o
         0          0          0          0          0          0   iusefp.o
         0          0          0          0          0          0   iusesemip.o
        36          0          0          0          0        108   memseta.o
       916         20          0          0          0        504   printf6.o
        36         10          0          4          0        136   rand.o
         0          0          0          0          0          0   semi.o
         0          0          0          4          0          0   stdout.o
        14          0          0          0          0         68   strlen.o
        44          0          0          0          0         80   uidiv.o
       176          0          0          0          0        140   fadd.o
       124          0          0          0          0         88   fdiv.o
       110          0          0          0          0        168   fepilogue.o
        50          0          0          0          0         68   ffixi.o
        40          0          0          0          0         68   ffixui.o
        18          0          0          0          0         68   fflti.o
        10          0          0          0          0         68   ffltui.o
       100          0          0          0          0         76   fmul.o

    ----------------------------------------------------------------------
      1878         46          0          8          0       1788   Library Totals
         6          0          0          0          0          0   (incl. Padding)

    ----------------------------------------------------------------------

      Code (inc. data)   RO Data    RW Data    ZI Data      Debug   Library Name

      1244         46          0          8          0       1044   mc_w.l
       628          0          0          0          0        744   mf_w.l

    ----------------------------------------------------------------------
      1878         46          0          8          0       1788   Library Totals

    ----------------------------------------------------------------------

==============================================================================


      Code (inc. data)   RO Data    RW Data    ZI Data      Debug   

     13724        990      31176      22844       1292     348002   Grand Totals
     13724        990      31176      11684       1292     348002   ELF Image Totals (compressed)
     13724        990      31176      11684          0          0   ROM Totals

==============================================================================

    Total RO  Size (Code + RO Data)                44900 (  43.85kB)
    Total RW  Size (RW Data + ZI Data)             24136 (  23.57kB)
    Total ROM Size (Code + RO Data + RW Data)      56584 (  55.26kB)

==============================================================================

