<html>
<body>
<pre>
<h1>µVision Build Log</h1>
<h2>Tool Versions:</h2>
IDE-Version: ¶ÃVision V5.14.0.0
Copyright (C) 2015 ARM Ltd and ARM Germany GmbH. All rights reserved.
License Information: dz dz, dz, LIC=KIV9U-S9SU5-LT53E-5T3F9-08QHS-WFFY4
 
Tool Versions:
Toolchain:       MDK-ARM Professional  Version: 5.14.0.0
Toolchain Path:  C:\Keil_v5\ARM\ARMCC\Bin
C Compiler:      Armcc.exe V5.05 update 1 (build 106)
Assembler:       Armasm.exe V5.05 update 1 (build 106)
Linker/Locator:  ArmLink.exe V5.05 update 1 (build 106)
Library Manager: ArmAr.exe V5.05 update 1 (build 106)
Hex Converter:   FromElf.exe V5.05 update 1 (build 106)
CPU DLL:         SARMCM3.DLL V5.14.0.0
Dialog DLL:      DCM.DLL V1.13.1.0
Target DLL:      Segger\JL2CM3.dll V2.99.13.0
Dialog DLL:      TCM.DLL V1.14.4.0
 
<h2>Project:</h2>
C:\Users\Administrator\Desktop\stm32\zmbeta\Template.uvprojx
Project File Date:  07/10/2019

<h2>Output:</h2>
Rebuild target 'Target 1'
compiling main.c...
User\main.c(212): warning:  #223-D: function "sprintf" declared implicitly
              sprintf(str1,"%02d",snake.Long );
User\main.c(236): warning:  #223-D: function "sprintf" declared implicitly
        sprintf(str1,"%02d",snake.Long );
User\main.c(338): warning:  #1-D: last line of file ends without a newline
         }              
User\main.c(246): warning:  #177-D: variable "key" was declared but never referenced
        u8 key;
User\main.c(247): warning:  #177-D: variable "i" was declared but never referenced
        u16 i=0;
User\main.c(248): warning:  #177-D: variable "penColor" was declared but never referenced
        u16 penColor = BLUE;
User\main.c: 6 warnings, 0 errors
compiling stm32f10x_it.c...
assembling startup_stm32f10x_hd.s...
compiling stm32f10x_gpio.c...
compiling stm32f10x_rcc.c...
compiling misc.c...
compiling stm32f10x_fsmc.c...
compiling stm32f10x_spi.c...
compiling stm32f10x_i2c.c...
compiling stm32f10x_tim.c...
compiling stm32f10x_rtc.c...
compiling stm32f10x_bkp.c...
compiling stm32f10x_pwr.c...
compiling stm32f10x_adc.c...
compiling stm32f10x_can.c...
compiling stm32f10x_cec.c...
compiling stm32f10x_crc.c...
compiling stm32f10x_dac.c...
compiling stm32f10x_dbgmcu.c...
compiling stm32f10x_dma.c...
compiling stm32f10x_exti.c...
compiling stm32f10x_flash.c...
compiling stm32f10x_iwdg.c...
compiling stm32f10x_sdio.c...
compiling stm32f10x_usart.c...
compiling stm32f10x_wwdg.c...
compiling system_stm32f10x.c...
compiling core_cm3.c...
compiling led.c...
compiling beep.c...
compiling tftlcd.c...
APP\lcd\tftlcd.c(570): warning:  #177-D: variable "i" was declared but never referenced
        u16 i;
APP\lcd\tftlcd.c(2215): warning:  #177-D: variable "g" was declared but never referenced
        u16 r=0,g=0,b=0;
APP\lcd\tftlcd.c(2215): warning:  #177-D: variable "b" was declared but never referenced
        u16 r=0,g=0,b=0;
APP\lcd\tftlcd.c: 3 warnings, 0 errors
compiling stm32f10x_fsmc.c...
compiling mybmp.c...
compiling key.c...
compiling 24cxx.c...
compiling iic.c...
compiling spi.c...
compiling touch.c...
compiling wkup.c...
compiling time.c...
compiling rtc.c...
APP\rtc\rtc.c(76): warning:  #223-D: function "sprintf" declared implicitly
                sprintf(str,"%d-%02d-%02d %02d:%02d:%02d",calendar.w_year,calendar.w_month,calendar.w_date,calendar.hour,calendar.min,calendar.sec);
APP\rtc\rtc.c(84): warning:  #223-D: function "printf" declared implicitly
                printf("Alarm Time:%d-%d-%d %d:%d:%d\n",calendar.w_year,calendar.w_month,calendar.w_date,calendar.hour,calendar.min,calendar.sec);// ‰≥ˆƒ÷¡Â ±º‰        
APP\rtc\rtc.c: 2 warnings, 0 errors
compiling gameover.c...
compiling snake.c...
compiling play.c...
compiling system.c...
compiling SysTick.c...
linking...
.\Obj\Template.axf: Warning: L6304W: Duplicate input file .\obj\stm32f10x_fsmc_1.o ignored.
Program Size: Code=13724 RO-data=31176 RW-data=22844 ZI-data=1292  
Finished: 0 information, 1 warning and 0 error messages.
FromELF: creating hex file...
".\Obj\Template.axf" - 0 Error(s), 12 Warning(s).

<h2>Collection of Component include folders:</h2>
  C:\Users\Administrator\Desktop\stm32\zmbeta\RTE
  C:\Keil_v5\ARM\PACK\Keil\STM32F1xx_DFP\1.0.5\Device\Include

<h2>Collection of Component Files used:</h2>
</pre>
</body>
</html>
